Archive member included to satisfy reference by file (symbol)

Src/SEGGER_OFL_Lib_CortexM_LE.a(SEGGER_OFL_Lib.o)
                              Output/Release/Obj/Flashloader/FlashPrg.o (SEGGER_OFL_Lib_CalcCRC)
D:/Program Files/SEGGER/SEGGER Embedded Studio 8.14a/lib/libc_v7em_t_le_eabi_small.a(compilerasmops_arm.o)
                              Src/SEGGER_OFL_Lib_CortexM_LE.a(SEGGER_OFL_Lib.o) (__gnu_thumb1_case_uqi)
D:/Program Files/SEGGER/SEGGER Embedded Studio 8.14a/lib/libc_v7em_t_le_eabi_small.a(__SEGGER_RTL_vfprintf_int_nwp.o)
                              (__SEGGER_RTL_vfprintf_int_nwp)
D:/Program Files/SEGGER/SEGGER Embedded Studio 8.14a/lib/libc_v7em_t_le_eabi_small.a(__SEGGER_RTL_vfscanf_int.o)
                              (__SEGGER_RTL_vfscanf_int)
D:/Program Files/SEGGER/SEGGER Embedded Studio 8.14a/lib/libc_v7em_t_le_eabi_small.a(utilops.o)
                              D:/Program Files/SEGGER/SEGGER Embedded Studio 8.14a/lib/libc_v7em_t_le_eabi_small.a(__SEGGER_RTL_vfscanf_int.o) (__SEGGER_RTL_digit)
D:/Program Files/SEGGER/SEGGER Embedded Studio 8.14a/lib/libc_v7em_t_le_eabi_small.a(floatasmops_arm.o)
                              D:/Program Files/SEGGER/SEGGER Embedded Studio 8.14a/lib/libc_v7em_t_le_eabi_small.a(utilops.o) (__aeabi_fmul)
D:/Program Files/SEGGER/SEGGER Embedded Studio 8.14a/lib/libc_v7em_t_le_eabi_small.a(intasmops_arm.o)
                              D:/Program Files/SEGGER/SEGGER Embedded Studio 8.14a/lib/libc_v7em_t_le_eabi_small.a(__SEGGER_RTL_vfprintf_int_nwp.o) (__aeabi_uldivmod)
D:/Program Files/SEGGER/SEGGER Embedded Studio 8.14a/lib/libc_v7em_t_le_eabi_small.a(prinops.o)
                              D:/Program Files/SEGGER/SEGGER Embedded Studio 8.14a/lib/libc_v7em_t_le_eabi_small.a(__SEGGER_RTL_vfprintf_int_nwp.o) (__SEGGER_RTL_putc)
D:/Program Files/SEGGER/SEGGER Embedded Studio 8.14a/lib/libc_v7em_t_le_eabi_small.a(fileops.o)
                              D:/Program Files/SEGGER/SEGGER Embedded Studio 8.14a/lib/libc_v7em_t_le_eabi_small.a(prinops.o) (fwrite)
D:/Program Files/SEGGER/SEGGER Embedded Studio 8.14a/lib/libc_v7em_t_le_eabi_small.a(errno.o)
                              D:/Program Files/SEGGER/SEGGER Embedded Studio 8.14a/lib/libc_v7em_t_le_eabi_small.a(fileops.o) (__aeabi_errno_addr)
D:/Program Files/SEGGER/SEGGER Embedded Studio 8.14a/lib/heapops_disable_interrupts_locking_v7em_t_le_eabi_small.a(heapops.o)
                              D:/Program Files/SEGGER/SEGGER Embedded Studio 8.14a/lib/libc_v7em_t_le_eabi_small.a(prinops.o) (free)
D:/Program Files/SEGGER/SEGGER Embedded Studio 8.14a/lib/strops_v7em_t_le_eabi_small.a(strops.o)
                              D:/Program Files/SEGGER/SEGGER Embedded Studio 8.14a/lib/libc_v7em_t_le_eabi_small.a(fileops.o) (strlen)
D:/Program Files/SEGGER/SEGGER Embedded Studio 8.14a/lib/strops_v7em_t_le_eabi_small.a(strasmops_arm.o)
                              D:/Program Files/SEGGER/SEGGER Embedded Studio 8.14a/lib/strops_v7em_t_le_eabi_small.a(strops.o) (strcmp)
D:/Program Files/SEGGER/SEGGER Embedded Studio 8.14a/lib/mbops_timeops_v7em_t_le_eabi_small.a(mbops.o)
                              D:/Program Files/SEGGER/SEGGER Embedded Studio 8.14a/lib/libc_v7em_t_le_eabi_small.a(prinops.o) (__SEGGER_RTL_current_locale)
D:/Program Files/SEGGER/SEGGER Embedded Studio 8.14a/lib/mbops_timeops_v7em_t_le_eabi_small.a(timeops.o)
                              D:/Program Files/SEGGER/SEGGER Embedded Studio 8.14a/lib/mbops_timeops_v7em_t_le_eabi_small.a(mbops.o) (__SEGGER_RTL_string_list_encode)
D:/Program Files/SEGGER/SEGGER Embedded Studio 8.14a/lib/libc_v7em_t_le_eabi_small.a(execops.o)
                              D:/Program Files/SEGGER/SEGGER Embedded Studio 8.14a/lib/strops_v7em_t_le_eabi_small.a(strops.o) (__SEGGER_RTL_constraint_violation)
D:/Program Files/SEGGER/SEGGER Embedded Studio 8.14a/lib/libc_v7em_t_le_eabi_small.a(execops_arm.o)
                              D:/Program Files/SEGGER/SEGGER Embedded Studio 8.14a/lib/libc_v7em_t_le_eabi_small.a(execops.o) (__aeabi_SIGABRT)
D:/Program Files/SEGGER/SEGGER Embedded Studio 8.14a/lib/libc_v7em_t_le_eabi_small.a(intops.o)
                              D:/Program Files/SEGGER/SEGGER Embedded Studio 8.14a/lib/mbops_timeops_v7em_t_le_eabi_small.a(timeops.o) (div)
D:/Program Files/SEGGER/SEGGER Embedded Studio 8.14a/lib/libc_v7em_t_le_eabi_small.a(sortops.o)
                              D:/Program Files/SEGGER/SEGGER Embedded Studio 8.14a/lib/mbops_timeops_v7em_t_le_eabi_small.a(mbops.o) (bsearch)
D:/Program Files/SEGGER/SEGGER Embedded Studio 8.14a/lib/libc_v7em_t_le_eabi_small.a(convops.o)
                              D:/Program Files/SEGGER/SEGGER Embedded Studio 8.14a/lib/libc_v7em_t_le_eabi_small.a(execops.o) (itoa)
D:/Program Files/SEGGER/SEGGER Embedded Studio 8.14a/lib/libc_v7em_t_le_eabi_small.a(floatops.o)
[...]
Memory Configuration

Name             Origin             Length             Attributes
UNPLACED_SECTIONS 0x00000000         0x00000000         xw
RAM              0x20000000         0x00018000         xw
*default*        0x00000000         0xffffffff

Linker script and memory map

                0x20000000                        __RAM_segment_start__ = 0x20000000
                0x20018000                        __RAM_segment_end__ = 0x20018000
                0x00018000                        __RAM_segment_size__ = 0x18000
                0x00000000                        __HEAPSIZE__ = 0x0
                0x00000000                        __SEGGER_RTL_vfprintf = __SEGGER_RTL_vfprintf_int_nwp
                0x00000000                        __SEGGER_RTL_vfscanf = __SEGGER_RTL_vfscanf_int
                0x00000008                        __STACKSIZE_PROCESS__ = 0x8
                0x00000100                        __STACKSIZE__ = 0x100
                0x20000000                        __PrgCode_load_start__ = ALIGN (__RAM_segment_start__, 0x4)

PrgCode         0x20000000       0x34
                0x20000000                        __PrgCode_start__ = .
 *(PrgCode PrgCode.*)
 PrgCode        0x20000000       0x34 Output/Release/Obj/Flashloader/FlashPrg.o
                0x20000000                SEGGER_OFL_Api
                0x20000034                        __PrgCode_end__ = (__PrgCode_start__ + SIZEOF (PrgCode))
                0x00000034                        __PrgCode_size__ = SIZEOF (PrgCode)
                0x20000034                        __PrgCode_load_end__ = __PrgCode_end__
                0x00000001                        . = ASSERT (((__PrgCode_start__ == __PrgCode_end__) || ((__PrgCode_end__ - __RAM_segment_start__) <= __RAM_segment_size__)), error: PrgCode is too large to fit in RAM memory segment)
                0x20000034                        __vectors_load_start__ = ALIGN (__PrgCode_end__, 0x4)

.vectors        0x20000034       0x40
                0x20000034                        __vectors_start__ = .
 *(.vectors .vectors.*)
 .vectors       0x20000034       0x40 Output/Release/Obj/Flashloader/Startup.o
                0x20000034                _vectors
                0x20000074                        __vectors_end__ = (__vectors_start__ + SIZEOF (.vectors))
                0x00000040                        __vectors_size__ = SIZEOF (.vectors)
                0x20000074                        __vectors_load_end__ = __vectors_end__
                0x00000001                        . = ASSERT (((__vectors_start__ == __vectors_end__) || ((__vectors_end__ - __RAM_segment_start__) <= __RAM_segment_size__)), error: .vectors is too large to fit in RAM memory segment)
                0x20000074                        __init_load_start__ = ALIGN (__vectors_end__, 0x4)

.init           0x20000074       0x30
                0x20000074                        __init_start__ = .
 *(.init .init.*)
 .init          0x20000074       0x30 Output/Release/Obj/Flashloader/Startup.o
                0x20000074                NMI_Handler
                0x20000076                HardFault_Handler
                0x20000078                SVC_Handler
                0x2000007a                PendSV_Handler
                0x2000007c                SysTick_Handler
                0x2000007e                reset_handler
                0x200000a4                        __init_end__ = (__init_start__ + SIZEOF (.init))
                0x00000030                        __init_size__ = SIZEOF (.init)
                0x200000a4                        __init_load_end__ = __init_end__
                0x00000001                        . = ASSERT (((__init_start__ == __init_end__) || ((__init_end__ - __RAM_segment_start__) <= __RAM_segment_size__)), error: .init is too large to fit in RAM memory segment)
                0x200000a4                        __init_rodata_load_start__ = ALIGN (__init_end__, 0x4)

.init_rodata    0x200000a4        0x0
                0x200000a4                        __init_rodata_start__ = .
 *(.init_rodata .init_rodata.*)
                0x200000a4                        __init_rodata_end__ = (__init_rodata_start__ + SIZEOF (.init_rodata))
                0x00000000                        __init_rodata_size__ = SIZEOF (.init_rodata)
                0x200000a4                        __init_rodata_load_end__ = __init_rodata_end__
                0x00000001                        . = ASSERT (((__init_rodata_start__ == __init_rodata_end__) || ((__init_rodata_end__ - __RAM_segment_start__) <= __RAM_segment_size__)), error: .init_rodata is too large to fit in RAM memory segment)
                0x200000a4                        __text_load_start__ = ALIGN (__init_rodata_end__, 0x4)

.text           0x200000a4      0xda4
                0x200000a4                        __text_start__ = .
 *(.text .text.* .gnu.linkonce.t.* .glue_7t .glue_7 .gcc_except_table .ARM.extab* .gnu.linkonce.armextab.*)
 .glue_7        0x200000a4        0x0 linker stubs
 .glue_7t       0x200000a4        0x0 linker stubs
 .text.HAL_GetTick
                0x200000a4        0xc Output/Release/Obj/Flashloader/stm32g4xx_hal.o
                0x200000a4                HAL_GetTick
 .text.FLASH_Program_Fast
                0x200000b0       0x2c Output/Release/Obj/Flashloader/stm32g4xx_hal_flash.o
 .text.HAL_FLASH_Unlock
                0x200000dc       0x24 Output/Release/Obj/Flashloader/stm32g4xx_hal_flash.o
                0x200000dc                HAL_FLASH_Unlock
 .text.FLASH_WaitForLastOperation
                0x20000100       0x50 Output/Release/Obj/Flashloader/stm32g4xx_hal_flash.o
                0x20000100                FLASH_WaitForLastOperation
 .text.HAL_FLASH_Program
                0x20000150       0xa4 Output/Release/Obj/Flashloader/stm32g4xx_hal_flash.o
                0x20000150                HAL_FLASH_Program
 .text.FLASH_MassErase
                0x200001f4       0x3c Output/Release/Obj/Flashloader/stm32g4xx_hal_flash_ex.o
 .text.FLASH_PageErase
                0x20000230       0x44 Output/Release/Obj/Flashloader/stm32g4xx_hal_flash_ex.o
                0x20000230                FLASH_PageErase
 .text.FLASH_FlushCaches
                0x20000274       0x60 Output/Release/Obj/Flashloader/stm32g4xx_hal_flash_ex.o
                0x20000274                FLASH_FlushCaches
 .text.HAL_FLASHEx_Erase
                0x200002d4       0xe0 Output/Release/Obj/Flashloader/stm32g4xx_hal_flash_ex.o
                0x200002d4                HAL_FLASHEx_Erase
 .text.HAL_PWREx_ControlVoltageScaling
                0x200003b4       0xb0 Output/Release/Obj/Flashloader/stm32g4xx_hal_pwr_ex.o
                0x200003b4                HAL_PWREx_ControlVoltageScaling
 .text.HAL_RCC_OscConfig
                0x20000464      0x418 Output/Release/Obj/Flashloader/stm32g4xx_hal_rcc.o
                0x20000464                HAL_RCC_OscConfig
 .text.HAL_RCC_GetSysClockFreq
                0x2000087c       0x6c Output/Release/Obj/Flashloader/stm32g4xx_hal_rcc.o
                0x2000087c                HAL_RCC_GetSysClockFreq
 .text.HAL_RCC_ClockConfig
                0x200008e8      0x1e8 Output/Release/Obj/Flashloader/stm32g4xx_hal_rcc.o
                0x200008e8                HAL_RCC_ClockConfig
 .text.SystemInit
                0x20000ad0        0x2 Output/Release/Obj/Flashloader/system_stm32g4xx.o
                0x20000ad0                SystemInit
 .text.HAL_InitTick
                0x20000ad2        0x4 Output/Release/Obj/Flashloader/SystemConfig.o
                0x20000ad2                HAL_InitTick
 .text.SystemClock_Config
                0x20000ad6       0x6c Output/Release/Obj/Flashloader/SystemConfig.o
                0x20000ad6                SystemClock_Config
 *fill*         0x20000b42        0x2 
 .text.GetPage  0x20000b44       0x40 Output/Release/Obj/Flashloader/SystemConfig.o
                0x20000b44                GetPage
 .text._FeedWatchdog
                0x20000b84        0xc Output/Release/Obj/Flashloader/FlashPrg.o
 .text.UnInit   0x20000b90        0x4 Output/Release/Obj/Flashloader/FlashPrg.o
                0x20000b90                UnInit
 .text.BlankCheck
                0x20000b94        0xc Output/Release/Obj/Flashloader/FlashPrg.o
                0x20000b94                BlankCheck
 .text.Init     0x20000ba0       0x12 Output/Release/Obj/Flashloader/FlashPrg.o
                0x20000ba0                Init
 *fill*         0x20000bb2        0x2 
 .text.EraseSector
                0x20000bb4       0x3c Output/Release/Obj/Flashloader/FlashPrg.o
                0x20000bb4                EraseSector
 .text.EraseChip
                0x20000bf0       0x34 Output/Release/Obj/Flashloader/FlashPrg.o
                0x20000bf0                EraseChip
 .text.ProgramPage
                0x20000c24       0x28 Output/Release/Obj/Flashloader/FlashPrg.o
                0x20000c24                ProgramPage
 .text.SEGGER_OPEN_Program
                0x20000c4c       0x22 Output/Release/Obj/Flashloader/FlashPrg.o
                0x20000c4c                SEGGER_OPEN_Program
 *fill*         0x20000c6e        0x2 
 .text.SEGGER_OPEN_CalcCRC
                0x20000c70       0x1c Output/Release/Obj/Flashloader/FlashPrg.o
                0x20000c70                SEGGER_OPEN_CalcCRC
 .text.SEGGER_OPEN_Start
                0x20000c8c        0xc Output/Release/Obj/Flashloader/FlashPrg.o
                0x20000c8c                SEGGER_OPEN_Start
 .text.startup.main
                0x20000c98        0x4 Output/Release/Obj/Flashloader/main.o
                0x20000c98                main
 .text.SEGGER_OFL_Lib_CalcCRC
                0x20000c9c       0xac Src/SEGGER_OFL_Lib_CortexM_LE.a(SEGGER_OFL_Lib.o)
                0x20000c9c                SEGGER_OFL_Lib_CalcCRC
 .text.SEGGER_OFL_Lib_StartTurbo
                0x20000d48       0xdc Src/SEGGER_OFL_Lib_CortexM_LE.a(SEGGER_OFL_Lib.o)
                0x20000d48                SEGGER_OFL_Lib_StartTurbo
 .text.libc.__gnu_thumb1_case_uqi
                0x20000e24       0x12 D:/Program Files/SEGGER/SEGGER Embedded Studio 8.14a/lib/libc_v7em_t_le_eabi_small.a(compilerasmops_arm.o)
                0x20000e24                __gnu_thumb1_case_uqi
 .text.libc.__aeabi_memclr
                0x20000e36       0x12 D:/Program Files/SEGGER/SEGGER Embedded Studio 8.14a/lib/strops_v7em_t_le_eabi_small.a(strasmops_arm.o)
                0x20000e36                __aeabi_memclr8
                0x20000e36                __aeabi_memclr
                0x20000e36                __aeabi_memclr4
                0x20000e38                __aeabi_memset4
                0x20000e38                __aeabi_memset8
                0x20000e38                __aeabi_memset
                0x20000e3e                memset
                0x20000e48                        __text_end__ = (__text_start__ + SIZEOF (.text))
                0x00000da4                        __text_size__ = SIZEOF (.text)
                0x20000e48                        __text_load_end__ = __text_end__

.vfp11_veneer   0x00000000        0x0
 .vfp11_veneer  0x00000000        0x0 linker stubs

.v4_bx          0x00000000        0x0
 .v4_bx         0x00000000        0x0 linker stubs

.iplt           0x00000000        0x0
 .iplt          0x00000000        0x0 Output/Release/Obj/Flashloader/stm32g4xx_hal.o
                0x00000001                        . = ASSERT (((__text_start__ == __text_end__) || ((__text_end__ - __RAM_segment_start__) <= __RAM_segment_size__)), error: .text is too large to fit in RAM memory segment)
                0x20000e48                        __rodata_load_start__ = ALIGN (__text_end__, 0x4)

.rodata         0x20000e48       0x90
                0x20000e48                        __rodata_start__ = .
 *(.rodata .rodata.* .gnu.linkonce.r.*)
 .rodata.AHBPrescTable
                0x20000e48       0x10 Output/Release/Obj/Flashloader/system_stm32g4xx.o
                0x20000e48                AHBPrescTable
 .rodata._aTblPolynom0x82F63B78
                0x20000e58       0x40 Src/SEGGER_OFL_Lib_CortexM_LE.a(SEGGER_OFL_Lib.o)
 .rodata._aTblPolynom0xEDB88320
                0x20000e98       0x40 Src/SEGGER_OFL_Lib_CortexM_LE.a(SEGGER_OFL_Lib.o)
                0x20000ed8                        __rodata_end__ = (__rodata_start__ + SIZEOF (.rodata))
                0x00000090                        __rodata_size__ = SIZEOF (.rodata)
                0x20000ed8                        __rodata_load_end__ = __rodata_end__
                0x00000001                        . = ASSERT (((__rodata_start__ == __rodata_end__) || ((__rodata_end__ - __RAM_segment_start__) <= __RAM_segment_size__)), error: .rodata is too large to fit in RAM memory segment)
                0x20000ed8                        __dtors_load_start__ = ALIGN (__rodata_end__, 0x4)

.dtors          0x20000ed8        0x0
                0x20000ed8                        __dtors_start__ = .
 *(SORT_BY_NAME(.dtors.*))
 *(.dtors)
 *(.fini_array)
 *(SORT_BY_NAME(.fini_array.*))
                0x20000ed8                        __dtors_end__ = (__dtors_start__ + SIZEOF (.dtors))
                0x00000000                        __dtors_size__ = SIZEOF (.dtors)
                0x20000ed8                        __dtors_load_end__ = __dtors_end__
                0x00000001                        . = ASSERT (((__dtors_start__ == __dtors_end__) || ((__dtors_end__ - __RAM_segment_start__) <= __RAM_segment_size__)), error: .dtors is too large to fit in RAM memory segment)
                0x20000ed8                        __ctors_load_start__ = ALIGN (__dtors_end__, 0x4)

.ctors          0x20000ed8        0x0
                0x20000ed8                        __ctors_start__ = .
 *(SORT_BY_NAME(.ctors.*))
 *(.ctors)
 *(.init_array)
 *(SORT_BY_NAME(.init_array.*))
                0x20000ed8                        __ctors_end__ = (__ctors_start__ + SIZEOF (.ctors))
                0x00000000                        __ctors_size__ = SIZEOF (.ctors)
                0x20000ed8                        __ctors_load_end__ = __ctors_end__
                0x00000001                        . = ASSERT (((__ctors_start__ == __ctors_end__) || ((__ctors_end__ - __RAM_segment_start__) <= __RAM_segment_size__)), error: .ctors is too large to fit in RAM memory segment)
                0x20000ed8                        __tdata_load_start__ = ALIGN (__ctors_end__, 0x4)

.tdata          0x20000ed8        0x0
                0x20000ed8                        __tdata_start__ = .
 *(.tdata .tdata.*)
                0x20000ed8                        __tdata_end__ = (__tdata_start__ + SIZEOF (.tdata))
                0x00000000                        __tdata_size__ = SIZEOF (.tdata)
                0x20000ed8                        __tdata_load_end__ = __tdata_end__
                0x00000001                        . = ASSERT (((__tdata_start__ == __tdata_end__) || ((__tdata_end__ - __RAM_segment_start__) <= __RAM_segment_size__)), error: .tdata is too large to fit in RAM memory segment)
                0x20000ed8                        __PrgData_load_start__ = ALIGN (__tdata_end__, 0x4)

PrgData         0x20000ed8        0x4
                0x20000ed8                        __PrgData_start__ = .
 *(PrgData PrgData.*)
 PrgData        0x20000ed8        0x4 Output/Release/Obj/Flashloader/FlashPrg.o
                0x20000ed8                PRGDATA_StartMarker
                0x20000edc                        __PrgData_end__ = (__PrgData_start__ + SIZEOF (PrgData))
                0x00000004                        __PrgData_size__ = SIZEOF (PrgData)
                0x20000edc                        __PrgData_load_end__ = __PrgData_end__
                0x00000001                        . = ASSERT (((__PrgData_start__ == __PrgData_end__) || ((__PrgData_end__ - __RAM_segment_start__) <= __RAM_segment_size__)), error: PrgData is too large to fit in RAM memory segment)
                0x20000edc                        __data_load_start__ = ALIGN (__PrgData_end__, 0x4)

.data           0x20000edc       0x28
                0x20000edc                        __data_start__ = .
 *(.data .data.* .gnu.linkonce.d.*)
 .data.uwTickPrio
                0x20000edc        0x4 Output/Release/Obj/Flashloader/stm32g4xx_hal.o
                0x20000edc                uwTickPrio
 .data.pFlash   0x20000ee0       0x20 Output/Release/Obj/Flashloader/stm32g4xx_hal_flash.o
                0x20000ee0                pFlash
 .data.SystemCoreClock
                0x20000f00        0x4 Output/Release/Obj/Flashloader/system_stm32g4xx.o
                0x20000f00                SystemCoreClock
                0x20000f04                        __data_end__ = (__data_start__ + SIZEOF (.data))
                0x00000028                        __data_size__ = SIZEOF (.data)
                0x20000f04                        __data_load_end__ = __data_end__

.igot.plt       0x00000000        0x0
 .igot.plt      0x00000000        0x0 Output/Release/Obj/Flashloader/stm32g4xx_hal.o
                0x00000001                        . = ASSERT (((__data_start__ == __data_end__) || ((__data_end__ - __RAM_segment_start__) <= __RAM_segment_size__)), error: .data is too large to fit in RAM memory segment)
                0x20000f04                        __fast_load_start__ = ALIGN (__data_end__, 0x4)

.fast           0x20000f04        0x0
                0x20000f04                        __fast_start__ = .
 *(.fast .fast.*)
                0x20000f04                        __fast_end__ = (__fast_start__ + SIZEOF (.fast))
                0x00000000                        __fast_size__ = SIZEOF (.fast)
                0x20000f04                        __fast_load_end__ = __fast_end__
                0x00000001                        . = ASSERT (((__fast_start__ == __fast_end__) || ((__fast_end__ - __RAM_segment_start__) <= __RAM_segment_size__)), error: .fast is too large to fit in RAM memory segment)
                0x20000f04                        __ARM.exidx_load_start__ = ALIGN (__fast_end__, 0x4)

.ARM.exidx      0x20000f04        0x0
                0x20000f04                        __ARM.exidx_start__ = .
                0x20000f04                        __exidx_start = __ARM.exidx_start__
 *(.ARM.exidx .ARM.exidx.*)
                0x20000f04                        __ARM.exidx_end__ = (__ARM.exidx_start__ + SIZEOF (.ARM.exidx))
                0x00000000                        __ARM.exidx_size__ = SIZEOF (.ARM.exidx)
                0x20000f04                        __exidx_end = __ARM.exidx_end__
                0x20000f04                        __ARM.exidx_load_end__ = __ARM.exidx_end__
                0x00000001                        . = ASSERT (((__ARM.exidx_start__ == __ARM.exidx_end__) || ((__ARM.exidx_end__ - __RAM_segment_start__) <= __RAM_segment_size__)), error: .ARM.exidx is too large to fit in RAM memory segment)
                0x20000f04                        __bss_load_start__ = ALIGN (__ARM.exidx_end__, 0x4)

.bss            0x20000f04        0x4
                0x20000f04                        __bss_start__ = .
 *(.bss .bss.* .gnu.linkonce.b.*)
 .bss.uwTick    0x20000f04        0x4 Output/Release/Obj/Flashloader/stm32g4xx_hal.o
                0x20000f04                uwTick
 *(COMMON)
                0x20000f08                        __bss_end__ = (__bss_start__ + SIZEOF (.bss))
                0x00000004                        __bss_size__ = SIZEOF (.bss)
                0x20000f08                        __bss_load_end__ = __bss_end__
                0x00000001                        . = ASSERT (((__bss_start__ == __bss_end__) || ((__bss_end__ - __RAM_segment_start__) <= __RAM_segment_size__)), error: .bss is too large to fit in RAM memory segment)
                0x20000f08                        __non_init_load_start__ = ALIGN (__bss_end__, 0x4)

.non_init       0x20000f08        0x0
                0x20000f08                        __non_init_start__ = .
 *(.non_init .non_init.*)
                0x20000f08                        __non_init_end__ = (__non_init_start__ + SIZEOF (.non_init))
                0x00000000                        __non_init_size__ = SIZEOF (.non_init)
                0x20000f08                        __non_init_load_end__ = __non_init_end__
                0x00000001                        . = ASSERT (((__non_init_start__ == __non_init_end__) || ((__non_init_end__ - __RAM_segment_start__) <= __RAM_segment_size__)), error: .non_init is too large to fit in RAM memory segment)
                0x20000f08                        __heap_load_start__ = ALIGN (__non_init_end__, 0x4)

.heap           0x20000f08        0x0
                0x20000f08                        __heap_start__ = .
 *(.heap .heap.*)
                0x20000f08                        . = ALIGN (MAX ((__heap_start__ + __HEAPSIZE__), .), 0x4)
                0x20000f08                        __heap_end__ = (__heap_start__ + SIZEOF (.heap))
                0x00000000                        __heap_size__ = SIZEOF (.heap)
                0x20000f08                        __heap_load_end__ = __heap_end__
                0x00000001                        . = ASSERT (((__heap_start__ == __heap_end__) || ((__heap_end__ - __RAM_segment_start__) <= __RAM_segment_size__)), error: .heap is too large to fit in RAM memory segment)
                0x00000001                        . = ASSERT ((__HEAPSIZE__ == ALIGN (__HEAPSIZE__, 0x4)), error: .heap section size does not match alignment)
                0x00000001                        . = ASSERT ((__heap_size__ <= __HEAPSIZE__), error: .heap section is larger than specified size)
                0x20000f08                        __stack_load_start__ = ALIGN (__heap_end__, 0x8)

.stack          0x20000f08      0x100
                0x20000f08                        __stack_start__ = .
 *(.stack .stack.*)
                0x20001008                        . = ALIGN (MAX ((__stack_start__ + __STACKSIZE__), .), 0x8)
 *fill*         0x20000f08      0x100 
                0x20001008                        __stack_end__ = (__stack_start__ + SIZEOF (.stack))
                0x00000100                        __stack_size__ = SIZEOF (.stack)
                0x20001008                        __stack_load_end__ = __stack_end__
                0x00000001                        . = ASSERT (((__stack_start__ == __stack_end__) || ((__stack_end__ - __RAM_segment_start__) <= __RAM_segment_size__)), error: .stack is too large to fit in RAM memory segment)
                0x00000001                        . = ASSERT ((__STACKSIZE__ == ALIGN (__STACKSIZE__, 0x8)), error: .stack section size does not match alignment)
                0x00000001                        . = ASSERT ((__stack_size__ <= __STACKSIZE__), error: .stack section is larger than specified size)
                0x20001008                        __stack_process_load_start__ = ALIGN (__stack_end__, 0x8)

.stack_process  0x20001008        0x8
                0x20001008                        __stack_process_start__ = .
 *(.stack_process .stack_process.*)
                0x20001010                        . = ALIGN (MAX ((__stack_process_start__ + __STACKSIZE_PROCESS__), .), 0x8)
 *fill*         0x20001008        0x8 
                0x20001010                        __stack_process_end__ = (__stack_process_start__ + SIZEOF (.stack_process))
                0x00000008                        __stack_process_size__ = SIZEOF (.stack_process)
                0x20001010                        __stack_process_load_end__ = __stack_process_end__
                0x00000001                        . = ASSERT (((__stack_process_start__ == __stack_process_end__) || ((__stack_process_end__ - __RAM_segment_start__) <= __RAM_segment_size__)), error: .stack_process is too large to fit in RAM memory segment)
                0x00000001                        . = ASSERT ((__STACKSIZE_PROCESS__ == ALIGN (__STACKSIZE_PROCESS__, 0x8)), error: .stack_process section size does not match alignment)
                0x00000001                        . = ASSERT ((__stack_process_size__ <= __STACKSIZE_PROCESS__), error: .stack_process section is larger than specified size)
                0x20001010                        __tbss_load_start__ = ALIGN (__stack_process_end__, 0x4)

.tbss           0x20001010        0x0
                0x20001010                        __tbss_start__ = .
 *(.tbss .tbss.*)
                0x20001010                        __tbss_end__ = (__tbss_start__ + SIZEOF (.tbss))
                0x00000000                        __tbss_size__ = SIZEOF (.tbss)
                0x20001010                        __tbss_load_end__ = __tbss_end__
                0x00000001                        . = ASSERT (((__tbss_start__ == __tbss_end__) || ((__tbss_end__ - __RAM_segment_start__) <= __RAM_segment_size__)), error: .tbss is too large to fit in RAM memory segment)
                0x20001010                        __DevDscr_load_start__ = ALIGN (__tbss_end__, 0x4)

DevDscr         0x20001010       0xc0
                0x20001010                        __DevDscr_start__ = .
 *(DevDscr DevDscr.*)
 DevDscr        0x20001010       0xc0 Output/Release/Obj/Flashloader/FlashDev.o
                0x20001010                FlashDevice
                0x200010d0                        __DevDscr_end__ = (__DevDscr_start__ + SIZEOF (DevDscr))
                0x000000c0                        __DevDscr_size__ = SIZEOF (DevDscr)
                0x200010d0                        __DevDscr_load_end__ = __DevDscr_end__
                0x200010d0                        __RAM_segment_used_end__ = (ALIGN (__tbss_end__, 0x4) + SIZEOF (DevDscr))
                0x000010d0                        __RAM_segment_used_size__ = (__RAM_segment_used_end__ - __RAM_segment_start__)
                0x00000001                        . = ASSERT (((__DevDscr_start__ == __DevDscr_end__) || ((__DevDscr_end__ - __RAM_segment_start__) <= __RAM_segment_size__)), error: DevDscr is too large to fit in RAM memory segment)
START GROUP
LOAD Output/Release/Obj/Flashloader/stm32g4xx_hal.o
LOAD Output/Release/Obj/Flashloader/stm32g4xx_hal_cortex.o
LOAD Output/Release/Obj/Flashloader/stm32g4xx_hal_dma.o
LOAD Output/Release/Obj/Flashloader/stm32g4xx_hal_dma_ex.o
LOAD Output/Release/Obj/Flashloader/stm32g4xx_hal_exti.o
LOAD Output/Release/Obj/Flashloader/stm32g4xx_hal_flash.o
LOAD Output/Release/Obj/Flashloader/stm32g4xx_hal_flash_ex.o
LOAD Output/Release/Obj/Flashloader/stm32g4xx_hal_flash_ramfunc.o
LOAD Output/Release/Obj/Flashloader/stm32g4xx_hal_gpio.o
LOAD Output/Release/Obj/Flashloader/stm32g4xx_hal_pwr.o
LOAD Output/Release/Obj/Flashloader/stm32g4xx_hal_pwr_ex.o
LOAD Output/Release/Obj/Flashloader/stm32g4xx_hal_rcc.o
LOAD Output/Release/Obj/Flashloader/stm32g4xx_hal_rcc_ex.o
LOAD Output/Release/Obj/Flashloader/stm32g4xx_hal_tim.o
LOAD Output/Release/Obj/Flashloader/stm32g4xx_hal_tim_ex.o
LOAD Output/Release/Obj/Flashloader/system_stm32g4xx.o
LOAD Output/Release/Obj/Flashloader/SystemConfig.o
LOAD Output/Release/Obj/Flashloader/FlashDev.o
LOAD Output/Release/Obj/Flashloader/FlashPrg.o
LOAD Output/Release/Obj/Flashloader/main.o
LOAD Src/SEGGER_OFL_Lib_CortexM_LE.a
LOAD Output/Release/Obj/Flashloader/Startup.o
LOAD D:/Program Files/SEGGER/SEGGER Embedded Studio 8.14a/lib/libc_v7em_t_le_eabi_small.a
LOAD D:/Program Files/SEGGER/SEGGER Embedded Studio 8.14a/lib/heapops_basic_v7em_t_le_eabi_small.a
LOAD D:/Program Files/SEGGER/SEGGER Embedded Studio 8.14a/lib/heapops_disable_interrupts_locking_v7em_t_le_eabi_small.a
LOAD D:/Program Files/SEGGER/SEGGER Embedded Studio 8.14a/lib/strops_v7em_t_le_eabi_small.a
LOAD D:/Program Files/SEGGER/SEGGER Embedded Studio 8.14a/lib/mbops_timeops_v7em_t_le_eabi_small.a
END GROUP
OUTPUT(E:/Project/platformLearning/st/G474RE/FlashLoader_G4/Output/Release/Exe/Flashloader.elf elf32-littlearm)
LOAD linker stubs

.rel.dyn        0x00000004        0x0
 .rel.iplt      0x00000004        0x0 Output/Release/Obj/Flashloader/stm32g4xx_hal.o

.debug_info     0x00000000     0x5170
 .debug_info    0x00000000      0xce0 Output/Release/Obj/Flashloader/stm32g4xx_hal.o
 .debug_info    0x00000ce0      0x98b Output/Release/Obj/Flashloader/stm32g4xx_hal_flash.o
 .debug_info    0x0000166b      0xe49 Output/Release/Obj/Flashloader/stm32g4xx_hal_flash_ex.o
 .debug_info    0x000024b4      0x9e0 Output/Release/Obj/Flashloader/stm32g4xx_hal_pwr_ex.o
 .debug_info    0x00002e94      0xfa2 Output/Release/Obj/Flashloader/stm32g4xx_hal_rcc.o
 .debug_info    0x00003e36      0x3ee Output/Release/Obj/Flashloader/system_stm32g4xx.o
 .debug_info    0x00004224      0x39f Output/Release/Obj/Flashloader/SystemConfig.o
 .debug_info    0x000045c3      0x141 Output/Release/Obj/Flashloader/FlashDev.o
 .debug_info    0x00004704      0x9df Output/Release/Obj/Flashloader/FlashPrg.o
 .debug_info    0x000050e3       0x6a Output/Release/Obj/Flashloader/main.o
 .debug_info    0x0000514d       0x23 Output/Release/Obj/Flashloader/Startup.o

.debug_abbrev   0x00000000     0x160e
 .debug_abbrev  0x00000000      0x2df Output/Release/Obj/Flashloader/stm32g4xx_hal.o
 .debug_abbrev  0x000002df      0x3ad Output/Release/Obj/Flashloader/stm32g4xx_hal_flash.o
 .debug_abbrev  0x0000068c      0x33d Output/Release/Obj/Flashloader/stm32g4xx_hal_flash_ex.o
 .debug_abbrev  0x000009c9      0x27f Output/Release/Obj/Flashloader/stm32g4xx_hal_pwr_ex.o
 .debug_abbrev  0x00000c48      0x34e Output/Release/Obj/Flashloader/stm32g4xx_hal_rcc.o
 .debug_abbrev  0x00000f96      0x110 Output/Release/Obj/Flashloader/system_stm32g4xx.o
 .debug_abbrev  0x000010a6      0x14e Output/Release/Obj/Flashloader/SystemConfig.o
 .debug_abbrev  0x000011f4       0x7a Output/Release/Obj/Flashloader/FlashDev.o
 .debug_abbrev  0x0000126e      0x340 Output/Release/Obj/Flashloader/FlashPrg.o
 .debug_abbrev  0x000015ae       0x4c Output/Release/Obj/Flashloader/main.o
 .debug_abbrev  0x000015fa       0x14 Output/Release/Obj/Flashloader/Startup.o

.debug_loc      0x00000000     0x25c1
 .debug_loc     0x00000000      0x1ff Output/Release/Obj/Flashloader/stm32g4xx_hal.o
 .debug_loc     0x000001ff      0x546 Output/Release/Obj/Flashloader/stm32g4xx_hal_flash.o
 .debug_loc     0x00000745      0xa35 Output/Release/Obj/Flashloader/stm32g4xx_hal_flash_ex.o
 .debug_loc     0x0000117a      0x5e5 Output/Release/Obj/Flashloader/stm32g4xx_hal_pwr_ex.o
 .debug_loc     0x0000175f      0x8d4 Output/Release/Obj/Flashloader/stm32g4xx_hal_rcc.o
 .debug_loc     0x00002033       0xac Output/Release/Obj/Flashloader/system_stm32g4xx.o
 .debug_loc     0x000020df       0x79 Output/Release/Obj/Flashloader/SystemConfig.o
 .debug_loc     0x00002158      0x469 Output/Release/Obj/Flashloader/FlashPrg.o

.debug_pubnames
                0x00000000     0x1e41
 .debug_pubnames
                0x00000000      0xca9 Output/Release/Obj/Flashloader/stm32g4xx_hal.o
 .debug_pubnames
                0x00000ca9      0x34f Output/Release/Obj/Flashloader/stm32g4xx_hal_flash.o
 .debug_pubnames
                0x00000ff8      0x3a0 Output/Release/Obj/Flashloader/stm32g4xx_hal_flash_ex.o
 .debug_pubnames
                0x00001398      0x50a Output/Release/Obj/Flashloader/stm32g4xx_hal_pwr_ex.o
 .debug_pubnames
                0x000018a2      0x21f Output/Release/Obj/Flashloader/stm32g4xx_hal_rcc.o
 .debug_pubnames
                0x00001ac1       0x73 Output/Release/Obj/Flashloader/system_stm32g4xx.o
 .debug_pubnames
                0x00001b34       0xce Output/Release/Obj/Flashloader/SystemConfig.o
 .debug_pubnames
                0x00001c02       0x22 Output/Release/Obj/Flashloader/FlashDev.o
 .debug_pubnames
                0x00001c24      0x202 Output/Release/Obj/Flashloader/FlashPrg.o
 .debug_pubnames
                0x00001e26       0x1b Output/Release/Obj/Flashloader/main.o

.debug_pubtypes
                0x00000000      0xc5c
 .debug_pubtypes
                0x00000000      0x167 Output/Release/Obj/Flashloader/stm32g4xx_hal.o
 .debug_pubtypes
                0x00000167      0x188 Output/Release/Obj/Flashloader/stm32g4xx_hal_flash.o
 .debug_pubtypes
                0x000002ef      0x1c9 Output/Release/Obj/Flashloader/stm32g4xx_hal_flash_ex.o
 .debug_pubtypes
                0x000004b8      0x14b Output/Release/Obj/Flashloader/stm32g4xx_hal_pwr_ex.o
 .debug_pubtypes
                0x00000603      0x1b6 Output/Release/Obj/Flashloader/stm32g4xx_hal_rcc.o
 .debug_pubtypes
                0x000007b9      0x104 Output/Release/Obj/Flashloader/system_stm32g4xx.o
 .debug_pubtypes
                0x000008bd      0x150 Output/Release/Obj/Flashloader/SystemConfig.o
 .debug_pubtypes
                0x00000a0d       0x8a Output/Release/Obj/Flashloader/FlashDev.o
 .debug_pubtypes
                0x00000a97      0x15c Output/Release/Obj/Flashloader/FlashPrg.o
 .debug_pubtypes
                0x00000bf3       0x69 Output/Release/Obj/Flashloader/main.o

.debug_aranges  0x00000000      0x518
 .debug_aranges
                0x00000000      0x148 Output/Release/Obj/Flashloader/stm32g4xx_hal.o
 .debug_aranges
                0x00000148       0x80 Output/Release/Obj/Flashloader/stm32g4xx_hal_flash.o
 .debug_aranges
                0x000001c8       0x68 Output/Release/Obj/Flashloader/stm32g4xx_hal_flash_ex.o
 .debug_aranges
                0x00000230      0x140 Output/Release/Obj/Flashloader/stm32g4xx_hal_pwr_ex.o
 .debug_aranges
                0x00000370       0x90 Output/Release/Obj/Flashloader/stm32g4xx_hal_rcc.o
 .debug_aranges
                0x00000400       0x28 Output/Release/Obj/Flashloader/system_stm32g4xx.o
 .debug_aranges
                0x00000428       0x30 Output/Release/Obj/Flashloader/SystemConfig.o
 .debug_aranges
                0x00000458       0x18 Output/Release/Obj/Flashloader/FlashDev.o
 .debug_aranges
                0x00000470       0x68 Output/Release/Obj/Flashloader/FlashPrg.o
 .debug_aranges
                0x000004d8       0x20 Output/Release/Obj/Flashloader/main.o
 .debug_aranges
                0x000004f8       0x20 Output/Release/Obj/Flashloader/Startup.o

.debug_ranges   0x00000000      0x5d0
 .debug_ranges  0x00000000      0x138 Output/Release/Obj/Flashloader/stm32g4xx_hal.o
 .debug_ranges  0x00000138       0x88 Output/Release/Obj/Flashloader/stm32g4xx_hal_flash.o
 .debug_ranges  0x000001c0      0x150 Output/Release/Obj/Flashloader/stm32g4xx_hal_flash_ex.o
 .debug_ranges  0x00000310      0x130 Output/Release/Obj/Flashloader/stm32g4xx_hal_pwr_ex.o
 .debug_ranges  0x00000440       0x98 Output/Release/Obj/Flashloader/stm32g4xx_hal_rcc.o
 .debug_ranges  0x000004d8       0x18 Output/Release/Obj/Flashloader/system_stm32g4xx.o
 .debug_ranges  0x000004f0       0x20 Output/Release/Obj/Flashloader/SystemConfig.o
 .debug_ranges  0x00000510       0xb0 Output/Release/Obj/Flashloader/FlashPrg.o
 .debug_ranges  0x000005c0       0x10 Output/Release/Obj/Flashloader/main.o

.debug_macro    0x00000000    0x23974
 .debug_macro   0x00000000      0x1e1 Output/Release/Obj/Flashloader/stm32g4xx_hal.o
 .debug_macro   0x000001e1      0xb44 Output/Release/Obj/Flashloader/stm32g4xx_hal.o
 .debug_macro   0x00000d25      0x14f Output/Release/Obj/Flashloader/stm32g4xx_hal.o
 .debug_macro   0x00000e74       0x2e Output/Release/Obj/Flashloader/stm32g4xx_hal.o
 .debug_macro   0x00000ea2       0x28 Output/Release/Obj/Flashloader/stm32g4xx_hal.o
 .debug_macro   0x00000eca       0x4c Output/Release/Obj/Flashloader/stm32g4xx_hal.o
 .debug_macro   0x00000f16      0x282 Output/Release/Obj/Flashloader/stm32g4xx_hal.o
 .debug_macro   0x00001198      0x64e Output/Release/Obj/Flashloader/stm32g4xx_hal.o
 .debug_macro   0x000017e6       0x16 Output/Release/Obj/Flashloader/stm32g4xx_hal.o
 .debug_macro   0x000017fc      0x269 Output/Release/Obj/Flashloader/stm32g4xx_hal.o
 .debug_macro   0x00001a65       0x1c Output/Release/Obj/Flashloader/stm32g4xx_hal.o
 .debug_macro   0x00001a81       0x22 Output/Release/Obj/Flashloader/stm32g4xx_hal.o
 .debug_macro   0x00001aa3       0xfb Output/Release/Obj/Flashloader/stm32g4xx_hal.o
 .debug_macro   0x00001b9e     0x1011 Output/Release/Obj/Flashloader/stm32g4xx_hal.o
 .debug_macro   0x00002baf      0x11f Output/Release/Obj/Flashloader/stm32g4xx_hal.o
 .debug_macro   0x00002cce    0x18b45 Output/Release/Obj/Flashloader/stm32g4xx_hal.o
 .debug_macro   0x0001b813       0x6d Output/Release/Obj/Flashloader/stm32g4xx_hal.o
 .debug_macro   0x0001b880     0x3551 Output/Release/Obj/Flashloader/stm32g4xx_hal.o
 .debug_macro   0x0001edd1       0x22 Output/Release/Obj/Flashloader/stm32g4xx_hal.o
 .debug_macro   0x0001edf3       0x5c Output/Release/Obj/Flashloader/stm32g4xx_hal.o
 .debug_macro   0x0001ee4f     0x171f Output/Release/Obj/Flashloader/stm32g4xx_hal.o
 .debug_macro   0x0002056e      0x600 Output/Release/Obj/Flashloader/stm32g4xx_hal.o
 .debug_macro   0x00020b6e      0x1b6 Output/Release/Obj/Flashloader/stm32g4xx_hal.o
 .debug_macro   0x00020d24      0x34a Output/Release/Obj/Flashloader/stm32g4xx_hal.o
 .debug_macro   0x0002106e      0x53c Output/Release/Obj/Flashloader/stm32g4xx_hal.o
 .debug_macro   0x000215aa      0x18b Output/Release/Obj/Flashloader/stm32g4xx_hal.o
 .debug_macro   0x00021735       0x43 Output/Release/Obj/Flashloader/stm32g4xx_hal.o
 .debug_macro   0x00021778      0x23d Output/Release/Obj/Flashloader/stm32g4xx_hal.o
 .debug_macro   0x000219b5      0x211 Output/Release/Obj/Flashloader/stm32g4xx_hal.o
 .debug_macro   0x00021bc6      0x45c Output/Release/Obj/Flashloader/stm32g4xx_hal.o
 .debug_macro   0x00022022      0x11c Output/Release/Obj/Flashloader/stm32g4xx_hal.o
 .debug_macro   0x0002213e      0x122 Output/Release/Obj/Flashloader/stm32g4xx_hal.o
 .debug_macro   0x00022260      0x3d1 Output/Release/Obj/Flashloader/stm32g4xx_hal.o
 .debug_macro   0x00022631      0x358 Output/Release/Obj/Flashloader/stm32g4xx_hal.o
 .debug_macro   0x00022989      0x199 Output/Release/Obj/Flashloader/stm32g4xx_hal_flash.o
 .debug_macro   0x00022b22      0x193 Output/Release/Obj/Flashloader/stm32g4xx_hal_flash_ex.o
 .debug_macro   0x00022cb5      0x1bd Output/Release/Obj/Flashloader/stm32g4xx_hal_pwr_ex.o
 .debug_macro   0x00022e72      0x1d5 Output/Release/Obj/Flashloader/stm32g4xx_hal_rcc.o
 .debug_macro   0x00023047      0x193 Output/Release/Obj/Flashloader/system_stm32g4xx.o
 .debug_macro   0x000231da      0x1a2 Output/Release/Obj/Flashloader/SystemConfig.o
 .debug_macro   0x0002337c       0x70 Output/Release/Obj/Flashloader/SystemConfig.o
 .debug_macro   0x000233ec       0x1a Output/Release/Obj/Flashloader/FlashDev.o
 .debug_macro   0x00023406       0x28 Output/Release/Obj/Flashloader/FlashDev.o
 .debug_macro   0x0002342e      0x1eb Output/Release/Obj/Flashloader/FlashPrg.o
 .debug_macro   0x00023619       0x1c Output/Release/Obj/Flashloader/FlashPrg.o
 .debug_macro   0x00023635      0x26f Output/Release/Obj/Flashloader/FlashPrg.o
 .debug_macro   0x000238a4       0x68 Output/Release/Obj/Flashloader/main.o
 .debug_macro   0x0002390c       0x10 Output/Release/Obj/Flashloader/main.o
 .debug_macro   0x0002391c       0x58 Output/Release/Obj/Flashloader/main.o

.debug_line     0x00000000     0x50f1
 .debug_line    0x00000000      0x90c Output/Release/Obj/Flashloader/stm32g4xx_hal.o
 .debug_line    0x0000090c      0xa1a Output/Release/Obj/Flashloader/stm32g4xx_hal_flash.o
 .debug_line    0x00001326     0x1000 Output/Release/Obj/Flashloader/stm32g4xx_hal_flash_ex.o
 .debug_line    0x00002326      0xab7 Output/Release/Obj/Flashloader/stm32g4xx_hal_pwr_ex.o
 .debug_line    0x00002ddd     0x1051 Output/Release/Obj/Flashloader/stm32g4xx_hal_rcc.o
 .debug_line    0x00003e2e      0x4ae Output/Release/Obj/Flashloader/system_stm32g4xx.o
 .debug_line    0x000042dc      0x523 Output/Release/Obj/Flashloader/SystemConfig.o
 .debug_line    0x000047ff       0x71 Output/Release/Obj/Flashloader/FlashDev.o
 .debug_line    0x00004870      0x6b7 Output/Release/Obj/Flashloader/FlashPrg.o
 .debug_line    0x00004f27      0x13f Output/Release/Obj/Flashloader/main.o
 .debug_line    0x00005066       0x8b Output/Release/Obj/Flashloader/Startup.o

.debug_str      0x00000000    0xe2f62
 .debug_str     0x00000000    0xe2f62 Output/Release/Obj/Flashloader/stm32g4xx_hal.o
                              0xe12f5 (size before relaxing)
 .debug_str     0x000e2f62    0xe089e Output/Release/Obj/Flashloader/stm32g4xx_hal_flash.o
 .debug_str     0x000e2f62    0xe09f8 Output/Release/Obj/Flashloader/stm32g4xx_hal_flash_ex.o
 .debug_str     0x000e2f62    0xe0ac7 Output/Release/Obj/Flashloader/stm32g4xx_hal_pwr_ex.o
 .debug_str     0x000e2f62    0xe0cf8 Output/Release/Obj/Flashloader/stm32g4xx_hal_rcc.o
 .debug_str     0x000e2f62    0xe0585 Output/Release/Obj/Flashloader/system_stm32g4xx.o
 .debug_str     0x000e2f62    0xe091d Output/Release/Obj/Flashloader/SystemConfig.o
 .debug_str     0x000e2f62     0x2f1c Output/Release/Obj/Flashloader/FlashDev.o
 .debug_str     0x000e2f62    0xe0c43 Output/Release/Obj/Flashloader/FlashPrg.o
 .debug_str     0x000e2f62     0x6a93 Output/Release/Obj/Flashloader/main.o
 .debug_str     0x000e2f62       0x86 Output/Release/Obj/Flashloader/Startup.o

.comment        0x00000000       0x7c
 .comment       0x00000000       0x7c Output/Release/Obj/Flashloader/stm32g4xx_hal.o
                                 0x3e (size before relaxing)
 .comment       0x0000007c       0x3e Output/Release/Obj/Flashloader/stm32g4xx_hal_flash.o
 .comment       0x0000007c       0x3e Output/Release/Obj/Flashloader/stm32g4xx_hal_flash_ex.o
 .comment       0x0000007c       0x3e Output/Release/Obj/Flashloader/stm32g4xx_hal_pwr_ex.o
 .comment       0x0000007c       0x3e Output/Release/Obj/Flashloader/stm32g4xx_hal_rcc.o
 .comment       0x0000007c       0x3e Output/Release/Obj/Flashloader/system_stm32g4xx.o
 .comment       0x0000007c       0x3e Output/Release/Obj/Flashloader/SystemConfig.o
 .comment       0x0000007c       0x3e Output/Release/Obj/Flashloader/FlashDev.o
 .comment       0x0000007c       0x3e Output/Release/Obj/Flashloader/FlashPrg.o
 .comment       0x0000007c       0x3e Output/Release/Obj/Flashloader/main.o
 .comment       0x0000007c       0x40 Src/SEGGER_OFL_Lib_CortexM_LE.a(SEGGER_OFL_Lib.o)

.ARM.attributes
                0x00000000       0x2e
 .ARM.attributes
                0x00000000       0x2e Output/Release/Obj/Flashloader/stm32g4xx_hal.o
 .ARM.attributes
                0x0000002e       0x2e Output/Release/Obj/Flashloader/stm32g4xx_hal_flash.o
 .ARM.attributes
                0x0000005c       0x2e Output/Release/Obj/Flashloader/stm32g4xx_hal_flash_ex.o
 .ARM.attributes
                0x0000008a       0x2e Output/Release/Obj/Flashloader/stm32g4xx_hal_pwr_ex.o
 .ARM.attributes
                0x000000b8       0x2e Output/Release/Obj/Flashloader/stm32g4xx_hal_rcc.o
 .ARM.attributes
                0x000000e6       0x2e Output/Release/Obj/Flashloader/system_stm32g4xx.o
 .ARM.attributes
                0x00000114       0x2e Output/Release/Obj/Flashloader/SystemConfig.o
 .ARM.attributes
                0x00000142       0x2e Output/Release/Obj/Flashloader/FlashDev.o
 .ARM.attributes
                0x00000170       0x2e Output/Release/Obj/Flashloader/FlashPrg.o
 .ARM.attributes
                0x0000019e       0x2e Output/Release/Obj/Flashloader/main.o
 .ARM.attributes
                0x000001cc       0x31 Src/SEGGER_OFL_Lib_CortexM_LE.a(SEGGER_OFL_Lib.o)
 .ARM.attributes
                0x000001fd       0x1c Output/Release/Obj/Flashloader/Startup.o
 .ARM.attributes
                0x00000219       0x1c D:/Program Files/SEGGER/SEGGER Embedded Studio 8.14a/lib/libc_v7em_t_le_eabi_small.a(compilerasmops_arm.o)
 .ARM.attributes
                0x00000235       0x1c D:/Program Files/SEGGER/SEGGER Embedded Studio 8.14a/lib/strops_v7em_t_le_eabi_small.a(strasmops_arm.o)

.debug_frame    0x00000000      0xa2c
 .debug_frame   0x00000000      0x2b0 Output/Release/Obj/Flashloader/stm32g4xx_hal.o
 .debug_frame   0x000002b0      0x124 Output/Release/Obj/Flashloader/stm32g4xx_hal_flash.o
 .debug_frame   0x000003d4       0xec Output/Release/Obj/Flashloader/stm32g4xx_hal_flash_ex.o
 .debug_frame   0x000004c0      0x268 Output/Release/Obj/Flashloader/stm32g4xx_hal_pwr_ex.o
 .debug_frame   0x00000728      0x164 Output/Release/Obj/Flashloader/stm32g4xx_hal_rcc.o
 .debug_frame   0x0000088c       0x38 Output/Release/Obj/Flashloader/system_stm32g4xx.o
 .debug_frame   0x000008c4       0x50 Output/Release/Obj/Flashloader/SystemConfig.o
 .debug_frame   0x00000914       0xf8 Output/Release/Obj/Flashloader/FlashPrg.o
 .debug_frame   0x00000a0c       0x20 Output/Release/Obj/Flashloader/main.o
