Archive member included to satisfy reference by file (symbol)

Src/SEGGER_OFL_Lib_CortexM_LE.a(SEGGER_OFL_Lib.o)
                              Output/Debug/Obj/Flashloader/FlashPrg.o (SEGGER_OFL_Lib_CalcCRC)
D:/Program Files/SEGGER/SEGGER Embedded Studio 8.14a/lib/libc_v6m_t_le_eabi_small.a(compilerasmops_arm.o)
                              Src/SEGGER_OFL_Lib_CortexM_LE.a(SEGGER_OFL_Lib.o) (__gnu_thumb1_case_uqi)
D:/Program Files/SEGGER/SEGGER Embedded Studio 8.14a/lib/libc_v6m_t_le_eabi_small.a(intasmops_arm.o)
                              Output/Debug/Obj/Flashloader/stm32g4xx_hal.o (__aeabi_uidiv)
D:/Program Files/SEGGER/SEGGER Embedded Studio 8.14a/lib/libc_v6m_t_le_eabi_small.a(__SEGGER_RTL_vfprintf_int_nwp.o)
                              (__SEGGER_RTL_vfprintf_int_nwp)
D:/Program Files/SEGGER/SEGGER Embedded Studio 8.14a/lib/libc_v6m_t_le_eabi_small.a(__SEGGER_RTL_vfscanf_int.o)
                              (__SEGGER_RTL_vfscanf_int)
D:/Program Files/SEGGER/SEGGER Embedded Studio 8.14a/lib/libc_v6m_t_le_eabi_small.a(utilops.o)
                              D:/Program Files/SEGGER/SEGGER Embedded Studio 8.14a/lib/libc_v6m_t_le_eabi_small.a(__SEGGER_RTL_vfscanf_int.o) (__SEGGER_RTL_digit)
D:/Program Files/SEGGER/SEGGER Embedded Studio 8.14a/lib/libc_v6m_t_le_eabi_small.a(floatasmops_arm.o)
                              D:/Program Files/SEGGER/SEGGER Embedded Studio 8.14a/lib/libc_v6m_t_le_eabi_small.a(utilops.o) (__aeabi_fmul)
D:/Program Files/SEGGER/SEGGER Embedded Studio 8.14a/lib/libc_v6m_t_le_eabi_small.a(prinops.o)
                              D:/Program Files/SEGGER/SEGGER Embedded Studio 8.14a/lib/libc_v6m_t_le_eabi_small.a(__SEGGER_RTL_vfprintf_int_nwp.o) (__SEGGER_RTL_putc)
D:/Program Files/SEGGER/SEGGER Embedded Studio 8.14a/lib/libc_v6m_t_le_eabi_small.a(fileops.o)
                              D:/Program Files/SEGGER/SEGGER Embedded Studio 8.14a/lib/libc_v6m_t_le_eabi_small.a(prinops.o) (fwrite)
D:/Program Files/SEGGER/SEGGER Embedded Studio 8.14a/lib/libc_v6m_t_le_eabi_small.a(errno.o)
                              D:/Program Files/SEGGER/SEGGER Embedded Studio 8.14a/lib/libc_v6m_t_le_eabi_small.a(fileops.o) (__aeabi_errno_addr)
D:/Program Files/SEGGER/SEGGER Embedded Studio 8.14a/lib/heapops_disable_interrupts_locking_v6m_t_le_eabi_small.a(heapops.o)
                              D:/Program Files/SEGGER/SEGGER Embedded Studio 8.14a/lib/libc_v6m_t_le_eabi_small.a(prinops.o) (free)
D:/Program Files/SEGGER/SEGGER Embedded Studio 8.14a/lib/strops_v6m_t_le_eabi_small.a(strops.o)
                              D:/Program Files/SEGGER/SEGGER Embedded Studio 8.14a/lib/libc_v6m_t_le_eabi_small.a(fileops.o) (strlen)
D:/Program Files/SEGGER/SEGGER Embedded Studio 8.14a/lib/strops_v6m_t_le_eabi_small.a(strasmops_arm.o)
                              D:/Program Files/SEGGER/SEGGER Embedded Studio 8.14a/lib/strops_v6m_t_le_eabi_small.a(strops.o) (strcmp)
D:/Program Files/SEGGER/SEGGER Embedded Studio 8.14a/lib/mbops_timeops_v6m_t_le_eabi_small.a(mbops.o)
                              D:/Program Files/SEGGER/SEGGER Embedded Studio 8.14a/lib/libc_v6m_t_le_eabi_small.a(prinops.o) (__SEGGER_RTL_current_locale)
D:/Program Files/SEGGER/SEGGER Embedded Studio 8.14a/lib/mbops_timeops_v6m_t_le_eabi_small.a(timeops.o)
                              D:/Program Files/SEGGER/SEGGER Embedded Studio 8.14a/lib/mbops_timeops_v6m_t_le_eabi_small.a(mbops.o) (__SEGGER_RTL_string_list_encode)
D:/Program Files/SEGGER/SEGGER Embedded Studio 8.14a/lib/libc_v6m_t_le_eabi_small.a(execops.o)
                              D:/Program Files/SEGGER/SEGGER Embedded Studio 8.14a/lib/strops_v6m_t_le_eabi_small.a(strops.o) (__SEGGER_RTL_constraint_violation)
D:/Program Files/SEGGER/SEGGER Embedded Studio 8.14a/lib/libc_v6m_t_le_eabi_small.a(execops_arm.o)
                              D:/Program Files/SEGGER/SEGGER Embedded Studio 8.14a/lib/libc_v6m_t_le_eabi_small.a(execops.o) (__aeabi_SIGABRT)
D:/Program Files/SEGGER/SEGGER Embedded Studio 8.14a/lib/libc_v6m_t_le_eabi_small.a(intops.o)
                              D:/Program Files/SEGGER/SEGGER Embedded Studio 8.14a/lib/mbops_timeops_v6m_t_le_eabi_small.a(timeops.o) (div)
D:/Program Files/SEGGER/SEGGER Embedded Studio 8.14a/lib/libc_v6m_t_le_eabi_small.a(sortops.o)
                              D:/Program Files/SEGGER/SEGGER Embedded Studio 8.14a/lib/mbops_timeops_v6m_t_le_eabi_small.a(mbops.o) (bsearch)
D:/Program Files/SEGGER/SEGGER Embedded Studio 8.14a/lib/libc_v6m_t_le_eabi_small.a(convops.o)
                              D:/Program Files/SEGGER/SEGGER Embedded Studio 8.14a/lib/libc_v6m_t_le_eabi_small.a(execops.o) (itoa)
D:/Program Files/SEGGER/SEGGER Embedded Studio 8.14a/lib/libc_v6m_t_le_eabi_small.a(floatops.o)
                              D:/Program Files/SEGGER/SEGGER Embedded Studio 8.14a/lib/libc_v6m_t_le_eabi_small.a(convops.o) (__SEGGER_RTL_float32_isinf)
D:/Program Files/SEGGER/SEGGER Embedded Studio 8.14a/lib/heapops_basic_v6m_t_le_eabi_small.a(heapops_basic.o)
[...]
Memory Configuration

Name             Origin             Length             Attributes
UNPLACED_SECTIONS 0x00000000         0x00000000         xw
RAM              0x20000000         0x00018000         xw
*default*        0x00000000         0xffffffff

Linker script and memory map

                0x20000000                        __RAM_segment_start__ = 0x20000000
                0x20018000                        __RAM_segment_end__ = 0x20018000
                0x00018000                        __RAM_segment_size__ = 0x18000
                0x00000000                        __HEAPSIZE__ = 0x0
                0x00000000                        __SEGGER_RTL_vfprintf = __SEGGER_RTL_vfprintf_int_nwp
                0x00000000                        __SEGGER_RTL_vfscanf = __SEGGER_RTL_vfscanf_int
                0x00000008                        __STACKSIZE_PROCESS__ = 0x8
                0x00000100                        __STACKSIZE__ = 0x100
                0x20000000                        __PrgCode_load_start__ = ALIGN (__RAM_segment_start__, 0x4)

PrgCode         0x20000000       0x34
                0x20000000                        __PrgCode_start__ = .
 *(PrgCode PrgCode.*)
 PrgCode        0x20000000       0x34 Output/Debug/Obj/Flashloader/FlashPrg.o
                0x20000000                SEGGER_OFL_Api
                0x20000034                        __PrgCode_end__ = (__PrgCode_start__ + SIZEOF (PrgCode))
                0x00000034                        __PrgCode_size__ = SIZEOF (PrgCode)
                0x20000034                        __PrgCode_load_end__ = __PrgCode_end__
                0x00000001                        . = ASSERT (((__PrgCode_start__ == __PrgCode_end__) || ((__PrgCode_end__ - __RAM_segment_start__) <= __RAM_segment_size__)), error: PrgCode is too large to fit in RAM memory segment)
                0x20000034                        __vectors_load_start__ = ALIGN (__PrgCode_end__, 0x4)

.vectors        0x20000034       0x40
                0x20000034                        __vectors_start__ = .
 *(.vectors .vectors.*)
 .vectors       0x20000034       0x40 Output/Debug/Obj/Flashloader/Startup.o
                0x20000034                _vectors
                0x20000074                        __vectors_end__ = (__vectors_start__ + SIZEOF (.vectors))
                0x00000040                        __vectors_size__ = SIZEOF (.vectors)
                0x20000074                        __vectors_load_end__ = __vectors_end__
                0x00000001                        . = ASSERT (((__vectors_start__ == __vectors_end__) || ((__vectors_end__ - __RAM_segment_start__) <= __RAM_segment_size__)), error: .vectors is too large to fit in RAM memory segment)
                0x20000074                        __init_load_start__ = ALIGN (__vectors_end__, 0x4)

.init           0x20000074       0x30
                0x20000074                        __init_start__ = .
 *(.init .init.*)
 .init          0x20000074       0x30 Output/Debug/Obj/Flashloader/Startup.o
                0x20000074                NMI_Handler
                0x20000076                HardFault_Handler
                0x20000078                SVC_Handler
                0x2000007a                PendSV_Handler
                0x2000007c                SysTick_Handler
                0x2000007e                reset_handler
                0x200000a4                        __init_end__ = (__init_start__ + SIZEOF (.init))
                0x00000030                        __init_size__ = SIZEOF (.init)
                0x200000a4                        __init_load_end__ = __init_end__
                0x00000001                        . = ASSERT (((__init_start__ == __init_end__) || ((__init_end__ - __RAM_segment_start__) <= __RAM_segment_size__)), error: .init is too large to fit in RAM memory segment)
                0x200000a4                        __init_rodata_load_start__ = ALIGN (__init_end__, 0x4)

.init_rodata    0x200000a4        0x0
                0x200000a4                        __init_rodata_start__ = .
 *(.init_rodata .init_rodata.*)
                0x200000a4                        __init_rodata_end__ = (__init_rodata_start__ + SIZEOF (.init_rodata))
                0x00000000                        __init_rodata_size__ = SIZEOF (.init_rodata)
                0x200000a4                        __init_rodata_load_end__ = __init_rodata_end__
                0x00000001                        . = ASSERT (((__init_rodata_start__ == __init_rodata_end__) || ((__init_rodata_end__ - __RAM_segment_start__) <= __RAM_segment_size__)), error: .init_rodata is too large to fit in RAM memory segment)
                0x200000a4                        __text_load_start__ = ALIGN (__init_rodata_end__, 0x4)

.text           0x200000a4     0x1684
                0x200000a4                        __text_start__ = .
 *(.text .text.* .gnu.linkonce.t.* .glue_7t .glue_7 .gcc_except_table .ARM.extab* .gnu.linkonce.armextab.*)
 .glue_7        0x200000a4        0x0 linker stubs
 .glue_7t       0x200000a4        0x0 linker stubs
 .text.HAL_GetTick
                0x200000a4        0xc Output/Debug/Obj/Flashloader/stm32g4xx_hal.o
                0x200000a4                HAL_GetTick
 .text.HAL_FLASH_Program
                0x200000b0       0xf0 Output/Debug/Obj/Flashloader/stm32g4xx_hal_flash.o
                0x200000b0                HAL_FLASH_Program
 .text.HAL_FLASH_Unlock
                0x200001a0       0x48 Output/Debug/Obj/Flashloader/stm32g4xx_hal_flash.o
                0x200001a0                HAL_FLASH_Unlock
 .text.FLASH_WaitForLastOperation
                0x200001e8       0xa8 Output/Debug/Obj/Flashloader/stm32g4xx_hal_flash.o
                0x200001e8                FLASH_WaitForLastOperation
 .text.FLASH_Program_DoubleWord
                0x20000290       0x3c Output/Debug/Obj/Flashloader/stm32g4xx_hal_flash.o
 .text.FLASH_Program_Fast
                0x200002cc       0x74 Output/Debug/Obj/Flashloader/stm32g4xx_hal_flash.o
 .text.HAL_FLASHEx_Erase
                0x20000340      0x158 Output/Debug/Obj/Flashloader/stm32g4xx_hal_flash_ex.o
                0x20000340                HAL_FLASHEx_Erase
 .text.FLASH_MassErase
                0x20000498       0x64 Output/Debug/Obj/Flashloader/stm32g4xx_hal_flash_ex.o
 .text.FLASH_PageErase
                0x200004fc       0x8c Output/Debug/Obj/Flashloader/stm32g4xx_hal_flash_ex.o
                0x200004fc                FLASH_PageErase
 .text.FLASH_FlushCaches
                0x20000588       0xb0 Output/Debug/Obj/Flashloader/stm32g4xx_hal_flash_ex.o
                0x20000588                FLASH_FlushCaches
 .text.HAL_PWREx_ControlVoltageScaling
                0x20000638      0x16c Output/Debug/Obj/Flashloader/stm32g4xx_hal_pwr_ex.o
                0x20000638                HAL_PWREx_ControlVoltageScaling
 .text.HAL_RCC_OscConfig
                0x200007a4      0x670 Output/Debug/Obj/Flashloader/stm32g4xx_hal_rcc.o
                0x200007a4                HAL_RCC_OscConfig
 .text.HAL_RCC_ClockConfig
                0x20000e14      0x290 Output/Debug/Obj/Flashloader/stm32g4xx_hal_rcc.o
                0x20000e14                HAL_RCC_ClockConfig
 .text.HAL_RCC_GetSysClockFreq
                0x200010a4       0xc0 Output/Debug/Obj/Flashloader/stm32g4xx_hal_rcc.o
                0x200010a4                HAL_RCC_GetSysClockFreq
 .text.RCC_GetSysClockFreqFromPLLSource
                0x20001164       0x8c Output/Debug/Obj/Flashloader/stm32g4xx_hal_rcc.o
 .text.HAL_InitTick
                0x200011f0        0xc Output/Debug/Obj/Flashloader/SystemConfig.o
                0x200011f0                HAL_InitTick
 .text.SystemClock_Config
                0x200011fc       0xac Output/Debug/Obj/Flashloader/SystemConfig.o
                0x200011fc                SystemClock_Config
 .text.GetPage  0x200012a8       0x84 Output/Debug/Obj/Flashloader/SystemConfig.o
                0x200012a8                GetPage
 .text._FeedWatchdog
                0x2000132c        0xc Output/Debug/Obj/Flashloader/FlashPrg.o
 .text.Init     0x20001338       0x1a Output/Debug/Obj/Flashloader/FlashPrg.o
                0x20001338                Init
 .text.UnInit   0x20001352        0xc Output/Debug/Obj/Flashloader/FlashPrg.o
                0x20001352                UnInit
 *fill*         0x2000135e        0x2 
 .text.EraseSector
                0x20001360       0x60 Output/Debug/Obj/Flashloader/FlashPrg.o
                0x20001360                EraseSector
 .text.ProgramPage
                0x200013c0       0x6e Output/Debug/Obj/Flashloader/FlashPrg.o
                0x200013c0                ProgramPage
 .text.BlankCheck
                0x2000142e       0x1a Output/Debug/Obj/Flashloader/FlashPrg.o
                0x2000142e                BlankCheck
 .text.SEGGER_OPEN_CalcCRC
                0x20001448       0x30 Output/Debug/Obj/Flashloader/FlashPrg.o
                0x20001448                SEGGER_OPEN_CalcCRC
 .text.SEGGER_OPEN_Program
                0x20001478       0x5c Output/Debug/Obj/Flashloader/FlashPrg.o
                0x20001478                SEGGER_OPEN_Program
 .text.EraseChip
                0x200014d4       0x44 Output/Debug/Obj/Flashloader/FlashPrg.o
                0x200014d4                EraseChip
 .text.SEGGER_OPEN_Start
                0x20001518       0x1c Output/Debug/Obj/Flashloader/FlashPrg.o
                0x20001518                SEGGER_OPEN_Start
 .text.main     0x20001534        0x6 Output/Debug/Obj/Flashloader/main.o
                0x20001534                main
 *fill*         0x2000153a        0x2 
 .text.SEGGER_OFL_Lib_CalcCRC
                0x2000153c       0xac Src/SEGGER_OFL_Lib_CortexM_LE.a(SEGGER_OFL_Lib.o)
                0x2000153c                SEGGER_OFL_Lib_CalcCRC
 .text.SEGGER_OFL_Lib_StartTurbo
                0x200015e8       0xdc Src/SEGGER_OFL_Lib_CortexM_LE.a(SEGGER_OFL_Lib.o)
                0x200015e8                SEGGER_OFL_Lib_StartTurbo
 .text.libc.__gnu_thumb1_case_uqi
                0x200016c4       0x12 D:/Program Files/SEGGER/SEGGER Embedded Studio 8.14a/lib/libc_v6m_t_le_eabi_small.a(compilerasmops_arm.o)
                0x200016c4                __gnu_thumb1_case_uqi
 .text.libc.__aeabi_uidiv
                0x200016d6       0x38 D:/Program Files/SEGGER/SEGGER Embedded Studio 8.14a/lib/libc_v6m_t_le_eabi_small.a(intasmops_arm.o)
                0x200016d6                __aeabi_uidiv
 .text.libc.__aeabi_idiv0
                0x2000170e        0x6 D:/Program Files/SEGGER/SEGGER Embedded Studio 8.14a/lib/libc_v6m_t_le_eabi_small.a(intasmops_arm.o)
                0x2000170e                __aeabi_idiv0
 .text.libc.__aeabi_memclr
                0x20001714       0x14 D:/Program Files/SEGGER/SEGGER Embedded Studio 8.14a/lib/strops_v6m_t_le_eabi_small.a(strasmops_arm.o)
                0x20001714                __aeabi_memclr8
                0x20001714                __aeabi_memclr
                0x20001714                __aeabi_memclr4
                0x20001716                __aeabi_memset4
                0x20001716                __aeabi_memset8
                0x20001716                __aeabi_memset
                0x2000171c                memset
                0x20001728                        __text_end__ = (__text_start__ + SIZEOF (.text))
                0x00001684                        __text_size__ = SIZEOF (.text)
                0x20001728                        __text_load_end__ = __text_end__

.vfp11_veneer   0x00000000        0x0
 .vfp11_veneer  0x00000000        0x0 linker stubs

.v4_bx          0x00000000        0x0
 .v4_bx         0x00000000        0x0 linker stubs

.iplt           0x00000000        0x0
 .iplt          0x00000000        0x0 Output/Debug/Obj/Flashloader/stm32g4xx_hal.o
                0x00000001                        . = ASSERT (((__text_start__ == __text_end__) || ((__text_end__ - __RAM_segment_start__) <= __RAM_segment_size__)), error: .text is too large to fit in RAM memory segment)
                0x20001728                        __rodata_load_start__ = ALIGN (__text_end__, 0x4)

.rodata         0x20001728       0x90
                0x20001728                        __rodata_start__ = .
 *(.rodata .rodata.* .gnu.linkonce.r.*)
 .rodata.AHBPrescTable
                0x20001728       0x10 Output/Debug/Obj/Flashloader/system_stm32g4xx.o
                0x20001728                AHBPrescTable
 .rodata._aTblPolynom0x82F63B78
                0x20001738       0x40 Src/SEGGER_OFL_Lib_CortexM_LE.a(SEGGER_OFL_Lib.o)
 .rodata._aTblPolynom0xEDB88320
                0x20001778       0x40 Src/SEGGER_OFL_Lib_CortexM_LE.a(SEGGER_OFL_Lib.o)
                0x200017b8                        __rodata_end__ = (__rodata_start__ + SIZEOF (.rodata))
                0x00000090                        __rodata_size__ = SIZEOF (.rodata)
                0x200017b8                        __rodata_load_end__ = __rodata_end__
                0x00000001                        . = ASSERT (((__rodata_start__ == __rodata_end__) || ((__rodata_end__ - __RAM_segment_start__) <= __RAM_segment_size__)), error: .rodata is too large to fit in RAM memory segment)
                0x200017b8                        __dtors_load_start__ = ALIGN (__rodata_end__, 0x4)

.dtors          0x200017b8        0x0
                0x200017b8                        __dtors_start__ = .
 *(SORT_BY_NAME(.dtors.*))
 *(.dtors)
 *(.fini_array)
 *(SORT_BY_NAME(.fini_array.*))
                0x200017b8                        __dtors_end__ = (__dtors_start__ + SIZEOF (.dtors))
                0x00000000                        __dtors_size__ = SIZEOF (.dtors)
                0x200017b8                        __dtors_load_end__ = __dtors_end__
                0x00000001                        . = ASSERT (((__dtors_start__ == __dtors_end__) || ((__dtors_end__ - __RAM_segment_start__) <= __RAM_segment_size__)), error: .dtors is too large to fit in RAM memory segment)
                0x200017b8                        __ctors_load_start__ = ALIGN (__dtors_end__, 0x4)

.ctors          0x200017b8        0x0
                0x200017b8                        __ctors_start__ = .
 *(SORT_BY_NAME(.ctors.*))
 *(.ctors)
 *(.init_array)
 *(SORT_BY_NAME(.init_array.*))
                0x200017b8                        __ctors_end__ = (__ctors_start__ + SIZEOF (.ctors))
                0x00000000                        __ctors_size__ = SIZEOF (.ctors)
                0x200017b8                        __ctors_load_end__ = __ctors_end__
                0x00000001                        . = ASSERT (((__ctors_start__ == __ctors_end__) || ((__ctors_end__ - __RAM_segment_start__) <= __RAM_segment_size__)), error: .ctors is too large to fit in RAM memory segment)
                0x200017b8                        __tdata_load_start__ = ALIGN (__ctors_end__, 0x4)

.tdata          0x200017b8        0x0
                0x200017b8                        __tdata_start__ = .
 *(.tdata .tdata.*)
                0x200017b8                        __tdata_end__ = (__tdata_start__ + SIZEOF (.tdata))
                0x00000000                        __tdata_size__ = SIZEOF (.tdata)
                0x200017b8                        __tdata_load_end__ = __tdata_end__
                0x00000001                        . = ASSERT (((__tdata_start__ == __tdata_end__) || ((__tdata_end__ - __RAM_segment_start__) <= __RAM_segment_size__)), error: .tdata is too large to fit in RAM memory segment)
                0x200017b8                        __PrgData_load_start__ = ALIGN (__tdata_end__, 0x4)

PrgData         0x200017b8        0x4
                0x200017b8                        __PrgData_start__ = .
 *(PrgData PrgData.*)
 PrgData        0x200017b8        0x4 Output/Debug/Obj/Flashloader/FlashPrg.o
                0x200017b8                PRGDATA_StartMarker
                0x200017bc                        __PrgData_end__ = (__PrgData_start__ + SIZEOF (PrgData))
                0x00000004                        __PrgData_size__ = SIZEOF (PrgData)
                0x200017bc                        __PrgData_load_end__ = __PrgData_end__
                0x00000001                        . = ASSERT (((__PrgData_start__ == __PrgData_end__) || ((__PrgData_end__ - __RAM_segment_start__) <= __RAM_segment_size__)), error: PrgData is too large to fit in RAM memory segment)
                0x200017bc                        __data_load_start__ = ALIGN (__PrgData_end__, 0x4)

.data           0x200017bc       0x28
                0x200017bc                        __data_start__ = .
 *(.data .data.* .gnu.linkonce.d.*)
 .data.uwTickPrio
                0x200017bc        0x4 Output/Debug/Obj/Flashloader/stm32g4xx_hal.o
                0x200017bc                uwTickPrio
 .data.pFlash   0x200017c0       0x20 Output/Debug/Obj/Flashloader/stm32g4xx_hal_flash.o
                0x200017c0                pFlash
 .data.SystemCoreClock
                0x200017e0        0x4 Output/Debug/Obj/Flashloader/system_stm32g4xx.o
                0x200017e0                SystemCoreClock
                0x200017e4                        __data_end__ = (__data_start__ + SIZEOF (.data))
                0x00000028                        __data_size__ = SIZEOF (.data)
                0x200017e4                        __data_load_end__ = __data_end__

.igot.plt       0x00000000        0x0
 .igot.plt      0x00000000        0x0 Output/Debug/Obj/Flashloader/stm32g4xx_hal.o
                0x00000001                        . = ASSERT (((__data_start__ == __data_end__) || ((__data_end__ - __RAM_segment_start__) <= __RAM_segment_size__)), error: .data is too large to fit in RAM memory segment)
                0x200017e4                        __fast_load_start__ = ALIGN (__data_end__, 0x4)

.fast           0x200017e4        0x0
                0x200017e4                        __fast_start__ = .
 *(.fast .fast.*)
                0x200017e4                        __fast_end__ = (__fast_start__ + SIZEOF (.fast))
                0x00000000                        __fast_size__ = SIZEOF (.fast)
                0x200017e4                        __fast_load_end__ = __fast_end__
                0x00000001                        . = ASSERT (((__fast_start__ == __fast_end__) || ((__fast_end__ - __RAM_segment_start__) <= __RAM_segment_size__)), error: .fast is too large to fit in RAM memory segment)
                0x200017e4                        __ARM.exidx_load_start__ = ALIGN (__fast_end__, 0x4)

.ARM.exidx      0x200017e4        0x0
                0x200017e4                        __ARM.exidx_start__ = .
                0x200017e4                        __exidx_start = __ARM.exidx_start__
 *(.ARM.exidx .ARM.exidx.*)
                0x200017e4                        __ARM.exidx_end__ = (__ARM.exidx_start__ + SIZEOF (.ARM.exidx))
                0x00000000                        __ARM.exidx_size__ = SIZEOF (.ARM.exidx)
                0x200017e4                        __exidx_end = __ARM.exidx_end__
                0x200017e4                        __ARM.exidx_load_end__ = __ARM.exidx_end__
                0x00000001                        . = ASSERT (((__ARM.exidx_start__ == __ARM.exidx_end__) || ((__ARM.exidx_end__ - __RAM_segment_start__) <= __RAM_segment_size__)), error: .ARM.exidx is too large to fit in RAM memory segment)
                0x200017e4                        __bss_load_start__ = ALIGN (__ARM.exidx_end__, 0x4)

.bss            0x200017e4        0x4
                0x200017e4                        __bss_start__ = .
 *(.bss .bss.* .gnu.linkonce.b.*)
 .bss.uwTick    0x200017e4        0x4 Output/Debug/Obj/Flashloader/stm32g4xx_hal.o
                0x200017e4                uwTick
 *(COMMON)
                0x200017e8                        __bss_end__ = (__bss_start__ + SIZEOF (.bss))
                0x00000004                        __bss_size__ = SIZEOF (.bss)
                0x200017e8                        __bss_load_end__ = __bss_end__
                0x00000001                        . = ASSERT (((__bss_start__ == __bss_end__) || ((__bss_end__ - __RAM_segment_start__) <= __RAM_segment_size__)), error: .bss is too large to fit in RAM memory segment)
                0x200017e8                        __non_init_load_start__ = ALIGN (__bss_end__, 0x4)

.non_init       0x200017e8        0x0
                0x200017e8                        __non_init_start__ = .
 *(.non_init .non_init.*)
                0x200017e8                        __non_init_end__ = (__non_init_start__ + SIZEOF (.non_init))
                0x00000000                        __non_init_size__ = SIZEOF (.non_init)
                0x200017e8                        __non_init_load_end__ = __non_init_end__
                0x00000001                        . = ASSERT (((__non_init_start__ == __non_init_end__) || ((__non_init_end__ - __RAM_segment_start__) <= __RAM_segment_size__)), error: .non_init is too large to fit in RAM memory segment)
                0x200017e8                        __heap_load_start__ = ALIGN (__non_init_end__, 0x4)

.heap           0x200017e8        0x0
                0x200017e8                        __heap_start__ = .
 *(.heap .heap.*)
                0x200017e8                        . = ALIGN (MAX ((__heap_start__ + __HEAPSIZE__), .), 0x4)
                0x200017e8                        __heap_end__ = (__heap_start__ + SIZEOF (.heap))
                0x00000000                        __heap_size__ = SIZEOF (.heap)
                0x200017e8                        __heap_load_end__ = __heap_end__
                0x00000001                        . = ASSERT (((__heap_start__ == __heap_end__) || ((__heap_end__ - __RAM_segment_start__) <= __RAM_segment_size__)), error: .heap is too large to fit in RAM memory segment)
                0x00000001                        . = ASSERT ((__HEAPSIZE__ == ALIGN (__HEAPSIZE__, 0x4)), error: .heap section size does not match alignment)
                0x00000001                        . = ASSERT ((__heap_size__ <= __HEAPSIZE__), error: .heap section is larger than specified size)
                0x200017e8                        __stack_load_start__ = ALIGN (__heap_end__, 0x8)

.stack          0x200017e8      0x100
                0x200017e8                        __stack_start__ = .
 *(.stack .stack.*)
                0x200018e8                        . = ALIGN (MAX ((__stack_start__ + __STACKSIZE__), .), 0x8)
 *fill*         0x200017e8      0x100 
                0x200018e8                        __stack_end__ = (__stack_start__ + SIZEOF (.stack))
                0x00000100                        __stack_size__ = SIZEOF (.stack)
                0x200018e8                        __stack_load_end__ = __stack_end__
                0x00000001                        . = ASSERT (((__stack_start__ == __stack_end__) || ((__stack_end__ - __RAM_segment_start__) <= __RAM_segment_size__)), error: .stack is too large to fit in RAM memory segment)
                0x00000001                        . = ASSERT ((__STACKSIZE__ == ALIGN (__STACKSIZE__, 0x8)), error: .stack section size does not match alignment)
                0x00000001                        . = ASSERT ((__stack_size__ <= __STACKSIZE__), error: .stack section is larger than specified size)
                0x200018e8                        __stack_process_load_start__ = ALIGN (__stack_end__, 0x8)

.stack_process  0x200018e8        0x8
                0x200018e8                        __stack_process_start__ = .
 *(.stack_process .stack_process.*)
                0x200018f0                        . = ALIGN (MAX ((__stack_process_start__ + __STACKSIZE_PROCESS__), .), 0x8)
 *fill*         0x200018e8        0x8 
                0x200018f0                        __stack_process_end__ = (__stack_process_start__ + SIZEOF (.stack_process))
                0x00000008                        __stack_process_size__ = SIZEOF (.stack_process)
                0x200018f0                        __stack_process_load_end__ = __stack_process_end__
                0x00000001                        . = ASSERT (((__stack_process_start__ == __stack_process_end__) || ((__stack_process_end__ - __RAM_segment_start__) <= __RAM_segment_size__)), error: .stack_process is too large to fit in RAM memory segment)
                0x00000001                        . = ASSERT ((__STACKSIZE_PROCESS__ == ALIGN (__STACKSIZE_PROCESS__, 0x8)), error: .stack_process section size does not match alignment)
                0x00000001                        . = ASSERT ((__stack_process_size__ <= __STACKSIZE_PROCESS__), error: .stack_process section is larger than specified size)
                0x200018f0                        __tbss_load_start__ = ALIGN (__stack_process_end__, 0x4)

.tbss           0x200018f0        0x0
                0x200018f0                        __tbss_start__ = .
 *(.tbss .tbss.*)
                0x200018f0                        __tbss_end__ = (__tbss_start__ + SIZEOF (.tbss))
                0x00000000                        __tbss_size__ = SIZEOF (.tbss)
                0x200018f0                        __tbss_load_end__ = __tbss_end__
                0x00000001                        . = ASSERT (((__tbss_start__ == __tbss_end__) || ((__tbss_end__ - __RAM_segment_start__) <= __RAM_segment_size__)), error: .tbss is too large to fit in RAM memory segment)
                0x200018f0                        __DevDscr_load_start__ = ALIGN (__tbss_end__, 0x4)

DevDscr         0x200018f0       0xc0
                0x200018f0                        __DevDscr_start__ = .
 *(DevDscr DevDscr.*)
 DevDscr        0x200018f0       0xc0 Output/Debug/Obj/Flashloader/FlashDev.o
                0x200018f0                FlashDevice
                0x200019b0                        __DevDscr_end__ = (__DevDscr_start__ + SIZEOF (DevDscr))
                0x000000c0                        __DevDscr_size__ = SIZEOF (DevDscr)
                0x200019b0                        __DevDscr_load_end__ = __DevDscr_end__
                0x200019b0                        __RAM_segment_used_end__ = (ALIGN (__tbss_end__, 0x4) + SIZEOF (DevDscr))
                0x000019b0                        __RAM_segment_used_size__ = (__RAM_segment_used_end__ - __RAM_segment_start__)
                0x00000001                        . = ASSERT (((__DevDscr_start__ == __DevDscr_end__) || ((__DevDscr_end__ - __RAM_segment_start__) <= __RAM_segment_size__)), error: DevDscr is too large to fit in RAM memory segment)
START GROUP
LOAD Output/Debug/Obj/Flashloader/stm32g4xx_hal.o
LOAD Output/Debug/Obj/Flashloader/stm32g4xx_hal_cortex.o
LOAD Output/Debug/Obj/Flashloader/stm32g4xx_hal_dma.o
LOAD Output/Debug/Obj/Flashloader/stm32g4xx_hal_dma_ex.o
LOAD Output/Debug/Obj/Flashloader/stm32g4xx_hal_exti.o
LOAD Output/Debug/Obj/Flashloader/stm32g4xx_hal_flash.o
LOAD Output/Debug/Obj/Flashloader/stm32g4xx_hal_flash_ex.o
LOAD Output/Debug/Obj/Flashloader/stm32g4xx_hal_flash_ramfunc.o
LOAD Output/Debug/Obj/Flashloader/stm32g4xx_hal_gpio.o
LOAD Output/Debug/Obj/Flashloader/stm32g4xx_hal_pwr.o
LOAD Output/Debug/Obj/Flashloader/stm32g4xx_hal_pwr_ex.o
LOAD Output/Debug/Obj/Flashloader/stm32g4xx_hal_rcc.o
LOAD Output/Debug/Obj/Flashloader/stm32g4xx_hal_rcc_ex.o
LOAD Output/Debug/Obj/Flashloader/stm32g4xx_hal_tim.o
LOAD Output/Debug/Obj/Flashloader/stm32g4xx_hal_tim_ex.o
LOAD Output/Debug/Obj/Flashloader/system_stm32g4xx.o
LOAD Output/Debug/Obj/Flashloader/SystemConfig.o
LOAD Output/Debug/Obj/Flashloader/FlashDev.o
LOAD Output/Debug/Obj/Flashloader/FlashPrg.o
LOAD Output/Debug/Obj/Flashloader/main.o
LOAD Src/SEGGER_OFL_Lib_CortexM_LE.a
LOAD Output/Debug/Obj/Flashloader/Startup.o
LOAD D:/Program Files/SEGGER/SEGGER Embedded Studio 8.14a/lib/libc_v6m_t_le_eabi_small.a
LOAD D:/Program Files/SEGGER/SEGGER Embedded Studio 8.14a/lib/heapops_basic_v6m_t_le_eabi_small.a
LOAD D:/Program Files/SEGGER/SEGGER Embedded Studio 8.14a/lib/heapops_disable_interrupts_locking_v6m_t_le_eabi_small.a
LOAD D:/Program Files/SEGGER/SEGGER Embedded Studio 8.14a/lib/strops_v6m_t_le_eabi_small.a
LOAD D:/Program Files/SEGGER/SEGGER Embedded Studio 8.14a/lib/mbops_timeops_v6m_t_le_eabi_small.a
END GROUP
OUTPUT(E:/Project/platformLearning/st/G474RE/FlashLoader_G4/Output/Debug/Exe/Flashloader.elf elf32-littlearm)
LOAD linker stubs

.rel.dyn        0x00000004        0x0
 .rel.iplt      0x00000004        0x0 Output/Debug/Obj/Flashloader/stm32g4xx_hal.o

.debug_info     0x00000000     0x44a9
 .debug_info    0x00000000      0xbde Output/Debug/Obj/Flashloader/stm32g4xx_hal.o
 .debug_info    0x00000bde      0x77a Output/Debug/Obj/Flashloader/stm32g4xx_hal_flash.o
 .debug_info    0x00001358      0xa5e Output/Debug/Obj/Flashloader/stm32g4xx_hal_flash_ex.o
 .debug_info    0x00001db6      0x974 Output/Debug/Obj/Flashloader/stm32g4xx_hal_pwr_ex.o
 .debug_info    0x0000272a      0xca8 Output/Debug/Obj/Flashloader/stm32g4xx_hal_rcc.o
 .debug_info    0x000033d2      0x3d5 Output/Debug/Obj/Flashloader/system_stm32g4xx.o
 .debug_info    0x000037a7      0x300 Output/Debug/Obj/Flashloader/SystemConfig.o
 .debug_info    0x00003aa7      0x141 Output/Debug/Obj/Flashloader/FlashDev.o
 .debug_info    0x00003be8      0x834 Output/Debug/Obj/Flashloader/FlashPrg.o
 .debug_info    0x0000441c       0x6a Output/Debug/Obj/Flashloader/main.o
 .debug_info    0x00004486       0x23 Output/Debug/Obj/Flashloader/Startup.o

.debug_abbrev   0x00000000     0x12a4
 .debug_abbrev  0x00000000      0x26c Output/Debug/Obj/Flashloader/stm32g4xx_hal.o
 .debug_abbrev  0x0000026c      0x31a Output/Debug/Obj/Flashloader/stm32g4xx_hal_flash.o
 .debug_abbrev  0x00000586      0x286 Output/Debug/Obj/Flashloader/stm32g4xx_hal_flash_ex.o
 .debug_abbrev  0x0000080c      0x24a Output/Debug/Obj/Flashloader/stm32g4xx_hal_pwr_ex.o
 .debug_abbrev  0x00000a56      0x2a2 Output/Debug/Obj/Flashloader/stm32g4xx_hal_rcc.o
 .debug_abbrev  0x00000cf8      0x10a Output/Debug/Obj/Flashloader/system_stm32g4xx.o
 .debug_abbrev  0x00000e02      0x13c Output/Debug/Obj/Flashloader/SystemConfig.o
 .debug_abbrev  0x00000f3e       0x7a Output/Debug/Obj/Flashloader/FlashDev.o
 .debug_abbrev  0x00000fb8      0x28c Output/Debug/Obj/Flashloader/FlashPrg.o
 .debug_abbrev  0x00001244       0x4c Output/Debug/Obj/Flashloader/main.o
 .debug_abbrev  0x00001290       0x14 Output/Debug/Obj/Flashloader/Startup.o

.debug_pubnames
                0x00000000     0x1e32
 .debug_pubnames
                0x00000000      0xca9 Output/Debug/Obj/Flashloader/stm32g4xx_hal.o
 .debug_pubnames
                0x00000ca9      0x34f Output/Debug/Obj/Flashloader/stm32g4xx_hal_flash.o
 .debug_pubnames
                0x00000ff8      0x3a0 Output/Debug/Obj/Flashloader/stm32g4xx_hal_flash_ex.o
 .debug_pubnames
                0x00001398      0x50a Output/Debug/Obj/Flashloader/stm32g4xx_hal_pwr_ex.o
 .debug_pubnames
                0x000018a2      0x21f Output/Debug/Obj/Flashloader/stm32g4xx_hal_rcc.o
 .debug_pubnames
                0x00001ac1       0x73 Output/Debug/Obj/Flashloader/system_stm32g4xx.o
 .debug_pubnames
                0x00001b34       0xce Output/Debug/Obj/Flashloader/SystemConfig.o
 .debug_pubnames
                0x00001c02       0x22 Output/Debug/Obj/Flashloader/FlashDev.o
 .debug_pubnames
                0x00001c24      0x1f3 Output/Debug/Obj/Flashloader/FlashPrg.o
 .debug_pubnames
                0x00001e17       0x1b Output/Debug/Obj/Flashloader/main.o

.debug_pubtypes
                0x00000000      0xc5c
 .debug_pubtypes
                0x00000000      0x167 Output/Debug/Obj/Flashloader/stm32g4xx_hal.o
 .debug_pubtypes
                0x00000167      0x188 Output/Debug/Obj/Flashloader/stm32g4xx_hal_flash.o
 .debug_pubtypes
                0x000002ef      0x1c9 Output/Debug/Obj/Flashloader/stm32g4xx_hal_flash_ex.o
 .debug_pubtypes
                0x000004b8      0x14b Output/Debug/Obj/Flashloader/stm32g4xx_hal_pwr_ex.o
 .debug_pubtypes
                0x00000603      0x1b6 Output/Debug/Obj/Flashloader/stm32g4xx_hal_rcc.o
 .debug_pubtypes
                0x000007b9      0x104 Output/Debug/Obj/Flashloader/system_stm32g4xx.o
 .debug_pubtypes
                0x000008bd      0x150 Output/Debug/Obj/Flashloader/SystemConfig.o
 .debug_pubtypes
                0x00000a0d       0x8a Output/Debug/Obj/Flashloader/FlashDev.o
 .debug_pubtypes
                0x00000a97      0x15c Output/Debug/Obj/Flashloader/FlashPrg.o
 .debug_pubtypes
                0x00000bf3       0x69 Output/Debug/Obj/Flashloader/main.o

.debug_aranges  0x00000000      0x588
 .debug_aranges
                0x00000000      0x148 Output/Debug/Obj/Flashloader/stm32g4xx_hal.o
 .debug_aranges
                0x00000148       0x88 Output/Debug/Obj/Flashloader/stm32g4xx_hal_flash.o
 .debug_aranges
                0x000001d0       0xc8 Output/Debug/Obj/Flashloader/stm32g4xx_hal_flash_ex.o
 .debug_aranges
                0x00000298      0x140 Output/Debug/Obj/Flashloader/stm32g4xx_hal_pwr_ex.o
 .debug_aranges
                0x000003d8       0x98 Output/Debug/Obj/Flashloader/stm32g4xx_hal_rcc.o
 .debug_aranges
                0x00000470       0x28 Output/Debug/Obj/Flashloader/system_stm32g4xx.o
 .debug_aranges
                0x00000498       0x30 Output/Debug/Obj/Flashloader/SystemConfig.o
 .debug_aranges
                0x000004c8       0x18 Output/Debug/Obj/Flashloader/FlashDev.o
 .debug_aranges
                0x000004e0       0x68 Output/Debug/Obj/Flashloader/FlashPrg.o
 .debug_aranges
                0x00000548       0x20 Output/Debug/Obj/Flashloader/main.o
 .debug_aranges
                0x00000568       0x20 Output/Debug/Obj/Flashloader/Startup.o

.debug_ranges   0x00000000      0x4c0
 .debug_ranges  0x00000000      0x138 Output/Debug/Obj/Flashloader/stm32g4xx_hal.o
 .debug_ranges  0x00000138       0x78 Output/Debug/Obj/Flashloader/stm32g4xx_hal_flash.o
 .debug_ranges  0x000001b0       0xb8 Output/Debug/Obj/Flashloader/stm32g4xx_hal_flash_ex.o
 .debug_ranges  0x00000268      0x130 Output/Debug/Obj/Flashloader/stm32g4xx_hal_pwr_ex.o
 .debug_ranges  0x00000398       0x88 Output/Debug/Obj/Flashloader/stm32g4xx_hal_rcc.o
 .debug_ranges  0x00000420       0x18 Output/Debug/Obj/Flashloader/system_stm32g4xx.o
 .debug_ranges  0x00000438       0x20 Output/Debug/Obj/Flashloader/SystemConfig.o
 .debug_ranges  0x00000458       0x58 Output/Debug/Obj/Flashloader/FlashPrg.o
 .debug_ranges  0x000004b0       0x10 Output/Debug/Obj/Flashloader/main.o

.debug_macro    0x00000000    0x23988
 .debug_macro   0x00000000      0x1e1 Output/Debug/Obj/Flashloader/stm32g4xx_hal.o
 .debug_macro   0x000001e1      0xb20 Output/Debug/Obj/Flashloader/stm32g4xx_hal.o
 .debug_macro   0x00000d01      0x14f Output/Debug/Obj/Flashloader/stm32g4xx_hal.o
 .debug_macro   0x00000e50       0x2e Output/Debug/Obj/Flashloader/stm32g4xx_hal.o
 .debug_macro   0x00000e7e       0x28 Output/Debug/Obj/Flashloader/stm32g4xx_hal.o
 .debug_macro   0x00000ea6       0x4c Output/Debug/Obj/Flashloader/stm32g4xx_hal.o
 .debug_macro   0x00000ef2      0x274 Output/Debug/Obj/Flashloader/stm32g4xx_hal.o
 .debug_macro   0x00001166      0x6be Output/Debug/Obj/Flashloader/stm32g4xx_hal.o
 .debug_macro   0x00001824       0x16 Output/Debug/Obj/Flashloader/stm32g4xx_hal.o
 .debug_macro   0x0000183a      0x269 Output/Debug/Obj/Flashloader/stm32g4xx_hal.o
 .debug_macro   0x00001aa3       0x1c Output/Debug/Obj/Flashloader/stm32g4xx_hal.o
 .debug_macro   0x00001abf       0x22 Output/Debug/Obj/Flashloader/stm32g4xx_hal.o
 .debug_macro   0x00001ae1       0xd1 Output/Debug/Obj/Flashloader/stm32g4xx_hal.o
 .debug_macro   0x00001bb2     0x1011 Output/Debug/Obj/Flashloader/stm32g4xx_hal.o
 .debug_macro   0x00002bc3      0x11f Output/Debug/Obj/Flashloader/stm32g4xx_hal.o
 .debug_macro   0x00002ce2    0x18b45 Output/Debug/Obj/Flashloader/stm32g4xx_hal.o
 .debug_macro   0x0001b827       0x6d Output/Debug/Obj/Flashloader/stm32g4xx_hal.o
 .debug_macro   0x0001b894     0x3551 Output/Debug/Obj/Flashloader/stm32g4xx_hal.o
 .debug_macro   0x0001ede5       0x22 Output/Debug/Obj/Flashloader/stm32g4xx_hal.o
 .debug_macro   0x0001ee07       0x5c Output/Debug/Obj/Flashloader/stm32g4xx_hal.o
 .debug_macro   0x0001ee63     0x171f Output/Debug/Obj/Flashloader/stm32g4xx_hal.o
 .debug_macro   0x00020582      0x600 Output/Debug/Obj/Flashloader/stm32g4xx_hal.o
 .debug_macro   0x00020b82      0x1b6 Output/Debug/Obj/Flashloader/stm32g4xx_hal.o
 .debug_macro   0x00020d38      0x34a Output/Debug/Obj/Flashloader/stm32g4xx_hal.o
 .debug_macro   0x00021082      0x53c Output/Debug/Obj/Flashloader/stm32g4xx_hal.o
 .debug_macro   0x000215be      0x18b Output/Debug/Obj/Flashloader/stm32g4xx_hal.o
 .debug_macro   0x00021749       0x43 Output/Debug/Obj/Flashloader/stm32g4xx_hal.o
 .debug_macro   0x0002178c      0x23d Output/Debug/Obj/Flashloader/stm32g4xx_hal.o
 .debug_macro   0x000219c9      0x211 Output/Debug/Obj/Flashloader/stm32g4xx_hal.o
 .debug_macro   0x00021bda      0x45c Output/Debug/Obj/Flashloader/stm32g4xx_hal.o
 .debug_macro   0x00022036      0x11c Output/Debug/Obj/Flashloader/stm32g4xx_hal.o
 .debug_macro   0x00022152      0x122 Output/Debug/Obj/Flashloader/stm32g4xx_hal.o
 .debug_macro   0x00022274      0x3d1 Output/Debug/Obj/Flashloader/stm32g4xx_hal.o
 .debug_macro   0x00022645      0x358 Output/Debug/Obj/Flashloader/stm32g4xx_hal.o
 .debug_macro   0x0002299d      0x199 Output/Debug/Obj/Flashloader/stm32g4xx_hal_flash.o
 .debug_macro   0x00022b36      0x193 Output/Debug/Obj/Flashloader/stm32g4xx_hal_flash_ex.o
 .debug_macro   0x00022cc9      0x1bd Output/Debug/Obj/Flashloader/stm32g4xx_hal_pwr_ex.o
 .debug_macro   0x00022e86      0x1d5 Output/Debug/Obj/Flashloader/stm32g4xx_hal_rcc.o
 .debug_macro   0x0002305b      0x193 Output/Debug/Obj/Flashloader/system_stm32g4xx.o
 .debug_macro   0x000231ee      0x1a2 Output/Debug/Obj/Flashloader/SystemConfig.o
 .debug_macro   0x00023390       0x70 Output/Debug/Obj/Flashloader/SystemConfig.o
 .debug_macro   0x00023400       0x1a Output/Debug/Obj/Flashloader/FlashDev.o
 .debug_macro   0x0002341a       0x28 Output/Debug/Obj/Flashloader/FlashDev.o
 .debug_macro   0x00023442      0x1eb Output/Debug/Obj/Flashloader/FlashPrg.o
 .debug_macro   0x0002362d       0x1c Output/Debug/Obj/Flashloader/FlashPrg.o
 .debug_macro   0x00023649      0x26f Output/Debug/Obj/Flashloader/FlashPrg.o
 .debug_macro   0x000238b8       0x68 Output/Debug/Obj/Flashloader/main.o
 .debug_macro   0x00023920       0x10 Output/Debug/Obj/Flashloader/main.o
 .debug_macro   0x00023930       0x58 Output/Debug/Obj/Flashloader/main.o

.debug_line     0x00000000     0x43e9
 .debug_line    0x00000000      0x846 Output/Debug/Obj/Flashloader/stm32g4xx_hal.o
 .debug_line    0x00000846      0x7c3 Output/Debug/Obj/Flashloader/stm32g4xx_hal_flash.o
 .debug_line    0x00001009      0xc81 Output/Debug/Obj/Flashloader/stm32g4xx_hal_flash_ex.o
 .debug_line    0x00001c8a      0x9a0 Output/Debug/Obj/Flashloader/stm32g4xx_hal_pwr_ex.o
 .debug_line    0x0000262a      0xcca Output/Debug/Obj/Flashloader/stm32g4xx_hal_rcc.o
 .debug_line    0x000032f4      0x474 Output/Debug/Obj/Flashloader/system_stm32g4xx.o
 .debug_line    0x00003768      0x4ce Output/Debug/Obj/Flashloader/SystemConfig.o
 .debug_line    0x00003c36       0x71 Output/Debug/Obj/Flashloader/FlashDev.o
 .debug_line    0x00003ca7      0x579 Output/Debug/Obj/Flashloader/FlashPrg.o
 .debug_line    0x00004220      0x13e Output/Debug/Obj/Flashloader/main.o
 .debug_line    0x0000435e       0x8b Output/Debug/Obj/Flashloader/Startup.o

.debug_str      0x00000000    0xe2a90
 .debug_str     0x00000000    0xe2a90 Output/Debug/Obj/Flashloader/stm32g4xx_hal.o
                              0xe0e34 (size before relaxing)
 .debug_str     0x000e2a90    0xe03dd Output/Debug/Obj/Flashloader/stm32g4xx_hal_flash.o
 .debug_str     0x000e2a90    0xe0537 Output/Debug/Obj/Flashloader/stm32g4xx_hal_flash_ex.o
 .debug_str     0x000e2a90    0xe0606 Output/Debug/Obj/Flashloader/stm32g4xx_hal_pwr_ex.o
 .debug_str     0x000e2a90    0xe0837 Output/Debug/Obj/Flashloader/stm32g4xx_hal_rcc.o
 .debug_str     0x000e2a90    0xe00c4 Output/Debug/Obj/Flashloader/system_stm32g4xx.o
 .debug_str     0x000e2a90    0xe0444 Output/Debug/Obj/Flashloader/SystemConfig.o
 .debug_str     0x000e2a90     0x2e55 Output/Debug/Obj/Flashloader/FlashDev.o
 .debug_str     0x000e2a90    0xe0777 Output/Debug/Obj/Flashloader/FlashPrg.o
 .debug_str     0x000e2a90     0x68f6 Output/Debug/Obj/Flashloader/main.o
 .debug_str     0x000e2a90       0x86 Output/Debug/Obj/Flashloader/Startup.o

.comment        0x00000000       0x7c
 .comment       0x00000000       0x7c Output/Debug/Obj/Flashloader/stm32g4xx_hal.o
                                 0x3e (size before relaxing)
 .comment       0x0000007c       0x3e Output/Debug/Obj/Flashloader/stm32g4xx_hal_flash.o
 .comment       0x0000007c       0x3e Output/Debug/Obj/Flashloader/stm32g4xx_hal_flash_ex.o
 .comment       0x0000007c       0x3e Output/Debug/Obj/Flashloader/stm32g4xx_hal_pwr_ex.o
 .comment       0x0000007c       0x3e Output/Debug/Obj/Flashloader/stm32g4xx_hal_rcc.o
 .comment       0x0000007c       0x3e Output/Debug/Obj/Flashloader/system_stm32g4xx.o
 .comment       0x0000007c       0x3e Output/Debug/Obj/Flashloader/SystemConfig.o
 .comment       0x0000007c       0x3e Output/Debug/Obj/Flashloader/FlashDev.o
 .comment       0x0000007c       0x3e Output/Debug/Obj/Flashloader/FlashPrg.o
 .comment       0x0000007c       0x3e Output/Debug/Obj/Flashloader/main.o
 .comment       0x0000007c       0x40 Src/SEGGER_OFL_Lib_CortexM_LE.a(SEGGER_OFL_Lib.o)

.ARM.attributes
                0x00000000       0x2e
 .ARM.attributes
                0x00000000       0x2e Output/Debug/Obj/Flashloader/stm32g4xx_hal.o
 .ARM.attributes
                0x0000002e       0x2e Output/Debug/Obj/Flashloader/stm32g4xx_hal_flash.o
 .ARM.attributes
                0x0000005c       0x2e Output/Debug/Obj/Flashloader/stm32g4xx_hal_flash_ex.o
 .ARM.attributes
                0x0000008a       0x2e Output/Debug/Obj/Flashloader/stm32g4xx_hal_pwr_ex.o
 .ARM.attributes
                0x000000b8       0x2e Output/Debug/Obj/Flashloader/stm32g4xx_hal_rcc.o
 .ARM.attributes
                0x000000e6       0x2e Output/Debug/Obj/Flashloader/system_stm32g4xx.o
 .ARM.attributes
                0x00000114       0x2e Output/Debug/Obj/Flashloader/SystemConfig.o
 .ARM.attributes
                0x00000142       0x2e Output/Debug/Obj/Flashloader/FlashDev.o
 .ARM.attributes
                0x00000170       0x2e Output/Debug/Obj/Flashloader/FlashPrg.o
 .ARM.attributes
                0x0000019e       0x2e Output/Debug/Obj/Flashloader/main.o
 .ARM.attributes
                0x000001cc       0x31 Src/SEGGER_OFL_Lib_CortexM_LE.a(SEGGER_OFL_Lib.o)
 .ARM.attributes
                0x000001fd       0x1b Output/Debug/Obj/Flashloader/Startup.o
 .ARM.attributes
                0x00000218       0x1b D:/Program Files/SEGGER/SEGGER Embedded Studio 8.14a/lib/libc_v6m_t_le_eabi_small.a(compilerasmops_arm.o)
 .ARM.attributes
                0x00000233       0x1b D:/Program Files/SEGGER/SEGGER Embedded Studio 8.14a/lib/libc_v6m_t_le_eabi_small.a(intasmops_arm.o)
 .ARM.attributes
                0x0000024e       0x1b D:/Program Files/SEGGER/SEGGER Embedded Studio 8.14a/lib/strops_v6m_t_le_eabi_small.a(strasmops_arm.o)

.debug_frame    0x00000000      0xba0
 .debug_frame   0x00000000      0x2b8 Output/Debug/Obj/Flashloader/stm32g4xx_hal.o
 .debug_frame   0x000002b8      0x148 Output/Debug/Obj/Flashloader/stm32g4xx_hal_flash.o
 .debug_frame   0x00000400      0x200 Output/Debug/Obj/Flashloader/stm32g4xx_hal_flash_ex.o
 .debug_frame   0x00000600      0x29c Output/Debug/Obj/Flashloader/stm32g4xx_hal_pwr_ex.o
 .debug_frame   0x0000089c      0x160 Output/Debug/Obj/Flashloader/stm32g4xx_hal_rcc.o
 .debug_frame   0x000009fc       0x38 Output/Debug/Obj/Flashloader/system_stm32g4xx.o
 .debug_frame   0x00000a34       0x50 Output/Debug/Obj/Flashloader/SystemConfig.o
 .debug_frame   0x00000a84       0xfc Output/Debug/Obj/Flashloader/FlashPrg.o
 .debug_frame   0x00000b80       0x20 Output/Debug/Obj/Flashloader/main.o
